Component: ARM Compiler 5.06 update 1 (build 61) Tool: armlink [4d35a8]

==============================================================================

Section Cross References

    startup_stm32f429xx.o(RESET) refers to startup_stm32f429xx.o(STACK) for __initial_sp
    startup_stm32f429xx.o(RESET) refers to startup_stm32f429xx.o(.text) for Reset_Handler
    startup_stm32f429xx.o(RESET) refers to stm32f4xx_it.o(i.NMI_Handler) for NMI_Handler
    startup_stm32f429xx.o(RESET) refers to stm32f4xx_it.o(i.HardFault_Handler) for HardFault_Handler
    startup_stm32f429xx.o(RESET) refers to stm32f4xx_it.o(i.MemManage_Handler) for MemManage_Handler
    startup_stm32f429xx.o(RESET) refers to stm32f4xx_it.o(i.BusFault_Handler) for BusFault_Handler
    startup_stm32f429xx.o(RESET) refers to stm32f4xx_it.o(i.UsageFault_Handler) for UsageFault_Handler
    startup_stm32f429xx.o(RESET) refers to port.o(.emb_text) for SVC_Handler
    startup_stm32f429xx.o(RESET) refers to stm32f4xx_it.o(i.DebugMon_Handler) for DebugMon_Handler
    startup_stm32f429xx.o(RESET) refers to stm32f4xx_it.o(i.SysTick_Handler) for SysTick_Handler
    startup_stm32f429xx.o(RESET) refers to stm32f4xx_it.o(i.EXTI9_5_IRQHandler) for EXTI9_5_IRQHandler
    startup_stm32f429xx.o(RESET) refers to stm32f4xx_it.o(i.USART1_IRQHandler) for USART1_IRQHandler
    startup_stm32f429xx.o(RESET) refers to stm32f4xx_it.o(i.TIM8_TRG_COM_TIM14_IRQHandler) for TIM8_TRG_COM_TIM14_IRQHandler
    startup_stm32f429xx.o(RESET) refers to stm32f4xx_it.o(i.SDIO_IRQHandler) for SDIO_IRQHandler
    startup_stm32f429xx.o(RESET) refers to stm32f4xx_it.o(i.DMA2_Stream3_IRQHandler) for DMA2_Stream3_IRQHandler
    startup_stm32f429xx.o(RESET) refers to stm32f4xx_it.o(i.DMA2_Stream6_IRQHandler) for DMA2_Stream6_IRQHandler
    startup_stm32f429xx.o(.text) refers to system_stm32f4xx.o(i.SystemInit) for SystemInit
    startup_stm32f429xx.o(.text) refers to entry.o(.ARM.Collect$$$$00000000) for __main
    bsp_driver_flash.o(i.BSP_W25Qx_Erase_Block) refers to stm32f4xx_hal.o(i.HAL_GetTick) for HAL_GetTick
    bsp_driver_flash.o(i.BSP_W25Qx_Erase_Block) refers to bsp_driver_flash.o(i.BSP_W25Qx_WriteEnable) for BSP_W25Qx_WriteEnable
    bsp_driver_flash.o(i.BSP_W25Qx_Erase_Block) refers to stm32f4xx_hal_gpio.o(i.HAL_GPIO_WritePin) for HAL_GPIO_WritePin
    bsp_driver_flash.o(i.BSP_W25Qx_Erase_Block) refers to stm32f4xx_hal_spi.o(i.HAL_SPI_Transmit) for HAL_SPI_Transmit
    bsp_driver_flash.o(i.BSP_W25Qx_Erase_Block) refers to bsp_driver_flash.o(i.BSP_W25Qx_GetStatus) for BSP_W25Qx_GetStatus
    bsp_driver_flash.o(i.BSP_W25Qx_Erase_Block) refers to spi.o(.bss) for hspi1
    bsp_driver_flash.o(i.BSP_W25Qx_Erase_Chip) refers to stm32f4xx_hal.o(i.HAL_GetTick) for HAL_GetTick
    bsp_driver_flash.o(i.BSP_W25Qx_Erase_Chip) refers to bsp_driver_flash.o(i.BSP_W25Qx_WriteEnable) for BSP_W25Qx_WriteEnable
    bsp_driver_flash.o(i.BSP_W25Qx_Erase_Chip) refers to stm32f4xx_hal_gpio.o(i.HAL_GPIO_WritePin) for HAL_GPIO_WritePin
    bsp_driver_flash.o(i.BSP_W25Qx_Erase_Chip) refers to stm32f4xx_hal_spi.o(i.HAL_SPI_Transmit) for HAL_SPI_Transmit
    bsp_driver_flash.o(i.BSP_W25Qx_Erase_Chip) refers to bsp_driver_flash.o(i.BSP_W25Qx_GetStatus) for BSP_W25Qx_GetStatus
    bsp_driver_flash.o(i.BSP_W25Qx_Erase_Chip) refers to spi.o(.bss) for hspi1
    bsp_driver_flash.o(i.BSP_W25Qx_GetStatus) refers to stm32f4xx_hal_gpio.o(i.HAL_GPIO_WritePin) for HAL_GPIO_WritePin
    bsp_driver_flash.o(i.BSP_W25Qx_GetStatus) refers to stm32f4xx_hal_spi.o(i.HAL_SPI_Transmit) for HAL_SPI_Transmit
    bsp_driver_flash.o(i.BSP_W25Qx_GetStatus) refers to stm32f4xx_hal_spi.o(i.HAL_SPI_Receive) for HAL_SPI_Receive
    bsp_driver_flash.o(i.BSP_W25Qx_GetStatus) refers to spi.o(.bss) for hspi1
    bsp_driver_flash.o(i.BSP_W25Qx_Init) refers to stm32f4xx_hal_gpio.o(i.HAL_GPIO_WritePin) for HAL_GPIO_WritePin
    bsp_driver_flash.o(i.BSP_W25Qx_Init) refers to stm32f4xx_hal_spi.o(i.HAL_SPI_Transmit) for HAL_SPI_Transmit
    bsp_driver_flash.o(i.BSP_W25Qx_Init) refers to bsp_driver_flash.o(i.BSP_W25Qx_GetStatus) for BSP_W25Qx_GetStatus
    bsp_driver_flash.o(i.BSP_W25Qx_Init) refers to spi.o(.bss) for hspi1
    bsp_driver_flash.o(i.BSP_W25Qx_Read) refers to stm32f4xx_hal_gpio.o(i.HAL_GPIO_WritePin) for HAL_GPIO_WritePin
    bsp_driver_flash.o(i.BSP_W25Qx_Read) refers to stm32f4xx_hal_spi.o(i.HAL_SPI_Transmit) for HAL_SPI_Transmit
    bsp_driver_flash.o(i.BSP_W25Qx_Read) refers to stm32f4xx_hal_spi.o(i.HAL_SPI_Receive) for HAL_SPI_Receive
    bsp_driver_flash.o(i.BSP_W25Qx_Read) refers to spi.o(.bss) for hspi1
    bsp_driver_flash.o(i.BSP_W25Qx_Read_ID) refers to stm32f4xx_hal_gpio.o(i.HAL_GPIO_WritePin) for HAL_GPIO_WritePin
    bsp_driver_flash.o(i.BSP_W25Qx_Read_ID) refers to stm32f4xx_hal_spi.o(i.HAL_SPI_Transmit) for HAL_SPI_Transmit
    bsp_driver_flash.o(i.BSP_W25Qx_Read_ID) refers to stm32f4xx_hal_spi.o(i.HAL_SPI_Receive) for HAL_SPI_Receive
    bsp_driver_flash.o(i.BSP_W25Qx_Read_ID) refers to spi.o(.bss) for hspi1
[...]
    pxEnd                                    0x20000058   Data           4  heap_4.o(.data)
    xFreeBytesRemaining                      0x2000005c   Data           4  heap_4.o(.data)
    xMinimumEverFreeBytesRemaining           0x20000060   Data           4  heap_4.o(.data)
    xBlockAllocatedBit                       0x20000064   Data           4  heap_4.o(.data)
    xStart                                   0x20000068   Data           8  heap_4.o(.data)
    .data                                    0x20000070   Section       12  port.o(.data)
    ucMaxSysCallPriority                     0x20000070   Data           1  port.o(.data)
    uxCriticalNesting                        0x20000074   Data           4  port.o(.data)
    ulMaxPRIGROUPValue                       0x20000078   Data           4  port.o(.data)
    .data                                    0x2000007c   Section       60  tasks.o(.data)
    uxDeletedTasksWaitingCleanUp             0x20000080   Data           4  tasks.o(.data)
    uxCurrentNumberOfTasks                   0x20000084   Data           4  tasks.o(.data)
    xTickCount                               0x20000088   Data           4  tasks.o(.data)
    uxTopReadyPriority                       0x2000008c   Data           4  tasks.o(.data)
    xSchedulerRunning                        0x20000090   Data           4  tasks.o(.data)
    uxPendedTicks                            0x20000094   Data           4  tasks.o(.data)
    xYieldPending                            0x20000098   Data           4  tasks.o(.data)
    xNumOfOverflows                          0x2000009c   Data           4  tasks.o(.data)
    uxTaskNumber                             0x200000a0   Data           4  tasks.o(.data)
    xNextTaskUnblockTime                     0x200000a4   Data           4  tasks.o(.data)
    xIdleTaskHandle                          0x200000a8   Data           4  tasks.o(.data)
    uxSchedulerSuspended                     0x200000ac   Data           4  tasks.o(.data)
    pxDelayedTaskList                        0x200000b0   Data           4  tasks.o(.data)
    pxOverflowDelayedTaskList                0x200000b4   Data           4  tasks.o(.data)
    .bss                                     0x200000b8   Section     3348  extmem.o(.bss)
    .bss                                     0x20000dcc   Section       96  dma.o(.bss)
    .bss                                     0x20000e2c   Section       64  dma2d.o(.bss)
    .bss                                     0x20000e6c   Section       52  fmc.o(.bss)
    .bss                                     0x20000ea0   Section      168  ltdc.o(.bss)
    .bss                                     0x20000f48   Section       32  rtc.o(.bss)
    .bss                                     0x20000f68   Section    16708  sdio.o(.bss)
    .bss                                     0x200050ac   Section       88  spi.o(.bss)
    .bss                                     0x20005104   Section       60  tim.o(.bss)
    .bss                                     0x20005140   Section      114  usart.o(.bss)
    .bss                                     0x200051b4   Section       60  stm32f4xx_hal_timebase_tim.o(.bss)
    .bss                                     0x200051f0   Section       16  ff_gen_drv.o(.bss)
    .bss                                     0x20005200   Section    15360  heap_4.o(.bss)
    ucHeap                                   0x20005200   Data       15360  heap_4.o(.bss)
    .bss                                     0x20008e00   Section      240  tasks.o(.bss)
    pxReadyTasksLists                        0x20008e00   Data         140  tasks.o(.bss)
    xDelayedTaskList1                        0x20008e8c   Data          20  tasks.o(.bss)
    xDelayedTaskList2                        0x20008ea0   Data          20  tasks.o(.bss)
    xPendingReadyList                        0x20008eb4   Data          20  tasks.o(.bss)
    xTasksWaitingTermination                 0x20008ec8   Data          20  tasks.o(.bss)
    xSuspendedTaskList                       0x20008edc   Data          20  tasks.o(.bss)
    STACK                                    0x20008ef0   Section     1024  startup_stm32f429xx.o(STACK)

    Global Symbols

    Symbol Name                              Value     Ov Type        Size  Object(Section)

    BuildAttributes$$THM_ISAv4$E$P$D$K$B$S$7EM$VFPi3$EXTD16$VFPS$VFMA$PE$A:L22UL41UL21$X:L11$S22US41US21$IEEE1$IW$USESV6$~STKCKD$USESV7$~SHL$OSPACE$ROPI$EBA8$MICROLIB$REQ8$PRES8$EABIv2 0x00000000   Number         0  anon$$obj.o ABSOLUTE
    __ARM_use_no_argv                        0x00000000   Number         0  main.o ABSOLUTE
    _printf_a                                0x00000000   Number         0  stubs.o ABSOLUTE
    _printf_c                                0x00000000   Number         0  stubs.o ABSOLUTE
    _printf_charcount                        0x00000000   Number         0  stubs.o ABSOLUTE
    _printf_d                                0x00000000   Number         0  stubs.o ABSOLUTE
    _printf_e                                0x00000000   Number         0  stubs.o ABSOLUTE
    _printf_f                                0x00000000   Number         0  stubs.o ABSOLUTE
    _printf_flags                            0x00000000   Number         0  stubs.o ABSOLUTE
    _printf_fp_dec                           0x00000000   Number         0  stubs.o ABSOLUTE
    _printf_fp_hex                           0x00000000   Number         0  stubs.o ABSOLUTE
    _printf_g                                0x00000000   Number         0  stubs.o ABSOLUTE
    _printf_i                                0x00000000   Number         0  stubs.o ABSOLUTE
    _printf_int_dec                          0x00000000   Number         0  stubs.o ABSOLUTE
    _printf_l                                0x00000000   Number         0  stubs.o ABSOLUTE
    _printf_lc                               0x00000000   Number         0  stubs.o ABSOLUTE
    _printf_ll                               0x00000000   Number         0  stubs.o ABSOLUTE
    _printf_lld                              0x00000000   Number         0  stubs.o ABSOLUTE
    _printf_lli                              0x00000000   Number         0  stubs.o ABSOLUTE
    _printf_llo                              0x00000000   Number         0  stubs.o ABSOLUTE
    _printf_llu                              0x00000000   Number         0  stubs.o ABSOLUTE
    _printf_llx                              0x00000000   Number         0  stubs.o ABSOLUTE
    _printf_longlong_dec                     0x00000000   Number         0  stubs.o ABSOLUTE
    _printf_longlong_hex                     0x00000000   Number         0  stubs.o ABSOLUTE
    _printf_longlong_oct                     0x00000000   Number         0  stubs.o ABSOLUTE
    _printf_ls                               0x00000000   Number         0  stubs.o ABSOLUTE
    _printf_mbtowc                           0x00000000   Number         0  stubs.o ABSOLUTE
    _printf_n                                0x00000000   Number         0  stubs.o ABSOLUTE
    _printf_o                                0x00000000   Number         0  stubs.o ABSOLUTE
    _printf_p                                0x00000000   Number         0  stubs.o ABSOLUTE
    _printf_percent                          0x00000000   Number         0  stubs.o ABSOLUTE
    _printf_pre_padding                      0x00000000   Number         0  stubs.o ABSOLUTE
    _printf_return_value                     0x00000000   Number         0  stubs.o ABSOLUTE
    _printf_s                                0x00000000   Number         0  stubs.o ABSOLUTE
    _printf_sizespec                         0x00000000   Number         0  stubs.o ABSOLUTE
    _printf_str                              0x00000000   Number         0  stubs.o ABSOLUTE
    _printf_truncate_signed                  0x00000000   Number         0  stubs.o ABSOLUTE
    _printf_truncate_unsigned                0x00000000   Number         0  stubs.o ABSOLUTE
    _printf_u                                0x00000000   Number         0  stubs.o ABSOLUTE
    _printf_wc                               0x00000000   Number         0  stubs.o ABSOLUTE
    _printf_wctomb                           0x00000000   Number         0  stubs.o ABSOLUTE
    _printf_widthprec                        0x00000000   Number         0  stubs.o ABSOLUTE
    _printf_x                                0x00000000   Number         0  stubs.o ABSOLUTE
    __cpp_initialize__aeabi_                  - Undefined Weak Reference
    __cxa_finalize                            - Undefined Weak Reference
    __decompress                              - Undefined Weak Reference
    _clock_init                               - Undefined Weak Reference
    _microlib_exit                            - Undefined Weak Reference
    __Vectors_Size                           0x000001ac   Number         0  startup_stm32f429xx.o ABSOLUTE
    __Vectors                                0x08000000   Data           4  startup_stm32f429xx.o(RESET)
    __Vectors_End                            0x080001ac   Data           0  startup_stm32f429xx.o(RESET)
    __main                                   0x080001ad   Thumb Code     0  entry.o(.ARM.Collect$$$$00000000)
    _main_stk                                0x080001ad   Thumb Code     0  entry2.o(.ARM.Collect$$$$00000001)
    _main_scatterload                        0x080001b1   Thumb Code     0  entry5.o(.ARM.Collect$$$$00000004)
    __main_after_scatterload                 0x080001b5   Thumb Code     0  entry5.o(.ARM.Collect$$$$00000004)
    _main_clock                              0x080001b5   Thumb Code     0  entry7b.o(.ARM.Collect$$$$00000008)
    _main_cpp_init                           0x080001b5   Thumb Code     0  entry8b.o(.ARM.Collect$$$$0000000A)
    _main_init                               0x080001b5   Thumb Code     0  entry9a.o(.ARM.Collect$$$$0000000B)
    __rt_final_cpp                           0x080001bd   Thumb Code     0  entry10a.o(.ARM.Collect$$$$0000000D)
    __rt_final_exit                          0x080001bd   Thumb Code     0  entry11a.o(.ARM.Collect$$$$0000000F)
    SVC_Handler                              0x080001c1   Thumb Code    28  port.o(.emb_text)
    __asm___6_port_c_39a90d8d__prvStartFirstTask 0x080001e1   Thumb Code    28  port.o(.emb_text)
    __asm___6_port_c_39a90d8d__prvEnableVFP  0x08000201   Thumb Code    16  port.o(.emb_text)
    PendSV_Handler                           0x08000215   Thumb Code    92  port.o(.emb_text)
    vPortGetIPSR                             0x08000275   Thumb Code     6  port.o(.emb_text)
    Reset_Handler                            0x0800027d   Thumb Code     8  startup_stm32f429xx.o(.text)
    ADC_IRQHandler                           0x08000297   Thumb Code     0  startup_stm32f429xx.o(.text)
    CAN1_RX0_IRQHandler                      0x08000297   Thumb Code     0  startup_stm32f429xx.o(.text)
    CAN1_RX1_IRQHandler                      0x08000297   Thumb Code     0  startup_stm32f429xx.o(.text)
    CAN1_SCE_IRQHandler                      0x08000297   Thumb Code     0  startup_stm32f429xx.o(.text)
    CAN1_TX_IRQHandler                       0x08000297   Thumb Code     0  startup_stm32f429xx.o(.text)
    CAN2_RX0_IRQHandler                      0x08000297   Thumb Code     0  startup_stm32f429xx.o(.text)
    CAN2_RX1_IRQHandler                      0x08000297   Thumb Code     0  startup_stm32f429xx.o(.text)
    CAN2_SCE_IRQHandler                      0x08000297   Thumb Code     0  startup_stm32f429xx.o(.text)
    CAN2_TX_IRQHandler                       0x08000297   Thumb Code     0  startup_stm32f429xx.o(.text)
    DCMI_IRQHandler                          0x08000297   Thumb Code     0  startup_stm32f429xx.o(.text)
    DMA1_Stream0_IRQHandler                  0x08000297   Thumb Code     0  startup_stm32f429xx.o(.text)
    DMA1_Stream1_IRQHandler                  0x08000297   Thumb Code     0  startup_stm32f429xx.o(.text)
    DMA1_Stream2_IRQHandler                  0x08000297   Thumb Code     0  startup_stm32f429xx.o(.text)
    DMA1_Stream3_IRQHandler                  0x08000297   Thumb Code     0  startup_stm32f429xx.o(.text)
    DMA1_Stream4_IRQHandler                  0x08000297   Thumb Code     0  startup_stm32f429xx.o(.text)
    DMA1_Stream5_IRQHandler                  0x08000297   Thumb Code     0  startup_stm32f429xx.o(.text)
    DMA1_Stream6_IRQHandler                  0x08000297   Thumb Code     0  startup_stm32f429xx.o(.text)
    DMA1_Stream7_IRQHandler                  0x08000297   Thumb Code     0  startup_stm32f429xx.o(.text)
    DMA2D_IRQHandler                         0x08000297   Thumb Code     0  startup_stm32f429xx.o(.text)
    DMA2_Stream0_IRQHandler                  0x08000297   Thumb Code     0  startup_stm32f429xx.o(.text)
    DMA2_Stream1_IRQHandler                  0x08000297   Thumb Code     0  startup_stm32f429xx.o(.text)
    DMA2_Stream2_IRQHandler                  0x08000297   Thumb Code     0  startup_stm32f429xx.o(.text)
    DMA2_Stream4_IRQHandler                  0x08000297   Thumb Code     0  startup_stm32f429xx.o(.text)
    DMA2_Stream5_IRQHandler                  0x08000297   Thumb Code     0  startup_stm32f429xx.o(.text)
    DMA2_Stream7_IRQHandler                  0x08000297   Thumb Code     0  startup_stm32f429xx.o(.text)
    ETH_IRQHandler                           0x08000297   Thumb Code     0  startup_stm32f429xx.o(.text)
    ETH_WKUP_IRQHandler                      0x08000297   Thumb Code     0  startup_stm32f429xx.o(.text)
    EXTI0_IRQHandler                         0x08000297   Thumb Code     0  startup_stm32f429xx.o(.text)
    EXTI15_10_IRQHandler                     0x08000297   Thumb Code     0  startup_stm32f429xx.o(.text)
    EXTI1_IRQHandler                         0x08000297   Thumb Code     0  startup_stm32f429xx.o(.text)
    EXTI2_IRQHandler                         0x08000297   Thumb Code     0  startup_stm32f429xx.o(.text)
    EXTI3_IRQHandler                         0x08000297   Thumb Code     0  startup_stm32f429xx.o(.text)
    EXTI4_IRQHandler                         0x08000297   Thumb Code     0  startup_stm32f429xx.o(.text)
    FLASH_IRQHandler                         0x08000297   Thumb Code     0  startup_stm32f429xx.o(.text)
    FMC_IRQHandler                           0x08000297   Thumb Code     0  startup_stm32f429xx.o(.text)
    FPU_IRQHandler                           0x08000297   Thumb Code     0  startup_stm32f429xx.o(.text)
    HASH_RNG_IRQHandler                      0x08000297   Thumb Code     0  startup_stm32f429xx.o(.text)
    I2C1_ER_IRQHandler                       0x08000297   Thumb Code     0  startup_stm32f429xx.o(.text)
    I2C1_EV_IRQHandler                       0x08000297   Thumb Code     0  startup_stm32f429xx.o(.text)
    I2C2_ER_IRQHandler                       0x08000297   Thumb Code     0  startup_stm32f429xx.o(.text)
    I2C2_EV_IRQHandler                       0x08000297   Thumb Code     0  startup_stm32f429xx.o(.text)
    I2C3_ER_IRQHandler                       0x08000297   Thumb Code     0  startup_stm32f429xx.o(.text)
    I2C3_EV_IRQHandler                       0x08000297   Thumb Code     0  startup_stm32f429xx.o(.text)
    LTDC_ER_IRQHandler                       0x08000297   Thumb Code     0  startup_stm32f429xx.o(.text)
    LTDC_IRQHandler                          0x08000297   Thumb Code     0  startup_stm32f429xx.o(.text)
    OTG_FS_IRQHandler                        0x08000297   Thumb Code     0  startup_stm32f429xx.o(.text)
    OTG_FS_WKUP_IRQHandler                   0x08000297   Thumb Code     0  startup_stm32f429xx.o(.text)
    OTG_HS_EP1_IN_IRQHandler                 0x08000297   Thumb Code     0  startup_stm32f429xx.o(.text)
    OTG_HS_EP1_OUT_IRQHandler                0x08000297   Thumb Code     0  startup_stm32f429xx.o(.text)
    OTG_HS_IRQHandler                        0x08000297   Thumb Code     0  startup_stm32f429xx.o(.text)
    OTG_HS_WKUP_IRQHandler                   0x08000297   Thumb Code     0  startup_stm32f429xx.o(.text)
    PVD_IRQHandler                           0x08000297   Thumb Code     0  startup_stm32f429xx.o(.text)
    RCC_IRQHandler                           0x08000297   Thumb Code     0  startup_stm32f429xx.o(.text)
    RTC_Alarm_IRQHandler                     0x08000297   Thumb Code     0  startup_stm32f429xx.o(.text)
    RTC_WKUP_IRQHandler                      0x08000297   Thumb Code     0  startup_stm32f429xx.o(.text)
    SAI1_IRQHandler                          0x08000297   Thumb Code     0  startup_stm32f429xx.o(.text)
    SPI1_IRQHandler                          0x08000297   Thumb Code     0  startup_stm32f429xx.o(.text)
    SPI2_IRQHandler                          0x08000297   Thumb Code     0  startup_stm32f429xx.o(.text)
    SPI3_IRQHandler                          0x08000297   Thumb Code     0  startup_stm32f429xx.o(.text)
    SPI4_IRQHandler                          0x08000297   Thumb Code     0  startup_stm32f429xx.o(.text)
    SPI5_IRQHandler                          0x08000297   Thumb Code     0  startup_stm32f429xx.o(.text)
    SPI6_IRQHandler                          0x08000297   Thumb Code     0  startup_stm32f429xx.o(.text)
    TAMP_STAMP_IRQHandler                    0x08000297   Thumb Code     0  startup_stm32f429xx.o(.text)
    TIM1_BRK_TIM9_IRQHandler                 0x08000297   Thumb Code     0  startup_stm32f429xx.o(.text)
    TIM1_CC_IRQHandler                       0x08000297   Thumb Code     0  startup_stm32f429xx.o(.text)
    TIM1_TRG_COM_TIM11_IRQHandler            0x08000297   Thumb Code     0  startup_stm32f429xx.o(.text)
    TIM1_UP_TIM10_IRQHandler                 0x08000297   Thumb Code     0  startup_stm32f429xx.o(.text)
    TIM2_IRQHandler                          0x08000297   Thumb Code     0  startup_stm32f429xx.o(.text)
    TIM3_IRQHandler                          0x08000297   Thumb Code     0  startup_stm32f429xx.o(.text)
    TIM4_IRQHandler                          0x08000297   Thumb Code     0  startup_stm32f429xx.o(.text)
    TIM5_IRQHandler                          0x08000297   Thumb Code     0  startup_stm32f429xx.o(.text)
    TIM6_DAC_IRQHandler                      0x08000297   Thumb Code     0  startup_stm32f429xx.o(.text)
    TIM7_IRQHandler                          0x08000297   Thumb Code     0  startup_stm32f429xx.o(.text)
    TIM8_BRK_TIM12_IRQHandler                0x08000297   Thumb Code     0  startup_stm32f429xx.o(.text)
    TIM8_CC_IRQHandler                       0x08000297   Thumb Code     0  startup_stm32f429xx.o(.text)
    TIM8_UP_TIM13_IRQHandler                 0x08000297   Thumb Code     0  startup_stm32f429xx.o(.text)
    UART4_IRQHandler                         0x08000297   Thumb Code     0  startup_stm32f429xx.o(.text)
    UART5_IRQHandler                         0x08000297   Thumb Code     0  startup_stm32f429xx.o(.text)
    UART7_IRQHandler                         0x08000297   Thumb Code     0  startup_stm32f429xx.o(.text)
    UART8_IRQHandler                         0x08000297   Thumb Code     0  startup_stm32f429xx.o(.text)
    USART2_IRQHandler                        0x08000297   Thumb Code     0  startup_stm32f429xx.o(.text)
    USART3_IRQHandler                        0x08000297   Thumb Code     0  startup_stm32f429xx.o(.text)
    USART6_IRQHandler                        0x08000297   Thumb Code     0  startup_stm32f429xx.o(.text)
    WWDG_IRQHandler                          0x08000297   Thumb Code     0  startup_stm32f429xx.o(.text)
    __aeabi_uldivmod                         0x080002a1   Thumb Code    98  uldiv.o(.text)
    __aeabi_memcpy                           0x08000303   Thumb Code    36  memcpya.o(.text)
    __aeabi_memcpy4                          0x08000303   Thumb Code     0  memcpya.o(.text)
    __aeabi_memcpy8                          0x08000303   Thumb Code     0  memcpya.o(.text)
    strlen                                   0x08000327   Thumb Code    14  strlen.o(.text)
    __aeabi_uidiv                            0x08000335   Thumb Code     0  uidiv.o(.text)
    __aeabi_uidivmod                         0x08000335   Thumb Code    44  uidiv.o(.text)
    __aeabi_llsl                             0x08000361   Thumb Code    30  llshl.o(.text)
    _ll_shift_l                              0x08000361   Thumb Code     0  llshl.o(.text)
    __aeabi_llsr                             0x0800037f   Thumb Code    32  llushr.o(.text)
    _ll_ushift_r                             0x0800037f   Thumb Code     0  llushr.o(.text)
    __scatterload                            0x080003a1   Thumb Code    28  init.o(.text)
    __scatterload_rt2                        0x080003a1   Thumb Code     0  init.o(.text)
    BSP_SD_AbortCallback                     0x080003c5   Thumb Code     2  bsp_driver_sd.o(i.BSP_SD_AbortCallback)
    BSP_SD_GetCardInfo                       0x080003c9   Thumb Code     8  bsp_driver_sd.o(i.BSP_SD_GetCardInfo)
    BSP_SD_GetCardState                      0x080003d5   Thumb Code    20  bsp_driver_sd.o(i.BSP_SD_GetCardState)
    BSP_SD_Init                              0x080003ed   Thumb Code    48  bsp_driver_sd.o(i.BSP_SD_Init)
    BSP_SD_ReadBlocks_DMA                    0x08000421   Thumb Code    24  bsp_driver_sd.o(i.BSP_SD_ReadBlocks_DMA)
    BSP_SD_ReadCpltCallback                  0x0800043d   Thumb Code    14  sd_diskio.o(i.BSP_SD_ReadCpltCallback)
    BSP_SD_WriteBlocks_DMA                   0x08000451   Thumb Code    24  bsp_driver_sd.o(i.BSP_SD_WriteBlocks_DMA)
    BSP_SD_WriteCpltCallback                 0x0800046d   Thumb Code    14  sd_diskio.o(i.BSP_SD_WriteCpltCallback)
    BSP_W25Qx_GetStatus                      0x08000481   Thumb Code    70  bsp_driver_flash.o(i.BSP_W25Qx_GetStatus)
    BSP_W25Qx_Init                           0x080004d5   Thumb Code    52  bsp_driver_flash.o(i.BSP_W25Qx_Init)
    BSP_W25Qx_Read                           0x08000515   Thumb Code    88  bsp_driver_flash.o(i.BSP_W25Qx_Read)
    BSP_W25Qx_Write                          0x08000575   Thumb Code   186  bsp_driver_flash.o(i.BSP_W25Qx_Write)
    BSP_W25Qx_WriteEnable                    0x08000639   Thumb Code    78  bsp_driver_flash.o(i.BSP_W25Qx_WriteEnable)
    BusFault_Handler                         0x08000695   Thumb Code     2  stm32f4xx_it.o(i.BusFault_Handler)
    DMA2_Stream3_IRQHandler                  0x08000699   Thumb Code     6  stm32f4xx_it.o(i.DMA2_Stream3_IRQHandler)
    DMA2_Stream6_IRQHandler                  0x080006a5   Thumb Code     6  stm32f4xx_it.o(i.DMA2_Stream6_IRQHandler)
    DebugMon_Handler                         0x08000755   Thumb Code     2  stm32f4xx_it.o(i.DebugMon_Handler)
    EXTI9_5_IRQHandler                       0x08000757   Thumb Code     8  stm32f4xx_it.o(i.EXTI9_5_IRQHandler)
    FATFS_LinkDriver                         0x0800075f   Thumb Code     6  ff_gen_drv.o(i.FATFS_LinkDriver)
    FATFS_LinkDriverEx                       0x08000765   Thumb Code    60  ff_gen_drv.o(i.FATFS_LinkDriverEx)
    FMC_SDRAM_Init                           0x080007a5   Thumb Code    80  stm32f4xx_ll_fmc.o(i.FMC_SDRAM_Init)
    FMC_SDRAM_ProgramRefreshRate             0x080007f5   Thumb Code    12  stm32f4xx_ll_fmc.o(i.FMC_SDRAM_ProgramRefreshRate)
    FMC_SDRAM_SendCommand                    0x08000801   Thumb Code    72  stm32f4xx_ll_fmc.o(i.FMC_SDRAM_SendCommand)
    FMC_SDRAM_Timing_Init                    0x08000849   Thumb Code   124  stm32f4xx_ll_fmc.o(i.FMC_SDRAM_Timing_Init)
    GT9XX_ReadData                           0x080008c9   Thumb Code    84  touch.o(i.GT9XX_ReadData)
    GT9XX_WriteHandle                        0x0800091d   Thumb Code    38  touch.o(i.GT9XX_WriteHandle)
    HAL_CRC_Init                             0x08000943   Thumb Code    38  stm32f4xx_hal_crc.o(i.HAL_CRC_Init)
    HAL_CRC_MspInit                          0x08000969   Thumb Code    30  crc.o(i.HAL_CRC_MspInit)
    HAL_DMA2D_ConfigLayer                    0x08000991   Thumb Code   162  stm32f4xx_hal_dma2d.o(i.HAL_DMA2D_ConfigLayer)
    HAL_DMA2D_Init                           0x08000a39   Thumb Code    90  stm32f4xx_hal_dma2d.o(i.HAL_DMA2D_Init)
    HAL_DMA2D_MspInit                        0x08000a95   Thumb Code    30  dma2d.o(i.HAL_DMA2D_MspInit)
    HAL_DMA_Abort_IT                         0x08000abd   Thumb Code    36  stm32f4xx_hal_dma.o(i.HAL_DMA_Abort_IT)
    HAL_DMA_IRQHandler                       0x08000ae1   Thumb Code   412  stm32f4xx_hal_dma.o(i.HAL_DMA_IRQHandler)
    HAL_DMA_Init                             0x08000c81   Thumb Code   206  stm32f4xx_hal_dma.o(i.HAL_DMA_Init)
    HAL_DMA_Start_IT                         0x08000d55   Thumb Code   120  stm32f4xx_hal_dma.o(i.HAL_DMA_Start_IT)
    HAL_Delay                                0x08000dcd   Thumb Code    32  stm32f4xx_hal.o(i.HAL_Delay)
    HAL_GPIO_EXTI_Callback                   0x08000ee1   Thumb Code    16  gpio.o(i.HAL_GPIO_EXTI_Callback)
    HAL_GPIO_EXTI_IRQHandler                 0x08000ef5   Thumb Code    18  stm32f4xx_hal_gpio.o(i.HAL_GPIO_EXTI_IRQHandler)
    HAL_GPIO_Init                            0x08000f0d   Thumb Code   408  stm32f4xx_hal_gpio.o(i.HAL_GPIO_Init)
    HAL_GPIO_ReadPin                         0x080010d9   Thumb Code    10  stm32f4xx_hal_gpio.o(i.HAL_GPIO_ReadPin)
    HAL_GPIO_TogglePin                       0x080010e3   Thumb Code     8  stm32f4xx_hal_gpio.o(i.HAL_GPIO_TogglePin)
    HAL_GPIO_WritePin                        0x080010eb   Thumb Code    10  stm32f4xx_hal_gpio.o(i.HAL_GPIO_WritePin)
    HAL_GetTick                              0x080010f5   Thumb Code     6  stm32f4xx_hal.o(i.HAL_GetTick)
    HAL_IncTick                              0x08001101   Thumb Code    12  stm32f4xx_hal.o(i.HAL_IncTick)
    HAL_Init                                 0x08001111   Thumb Code    48  stm32f4xx_hal.o(i.HAL_Init)
    HAL_InitTick                             0x08001145   Thumb Code   100  stm32f4xx_hal_timebase_tim.o(i.HAL_InitTick)
    HAL_LTDC_ConfigLayer                     0x080011b9   Thumb Code    82  stm32f4xx_hal_ltdc.o(i.HAL_LTDC_ConfigLayer)
    HAL_LTDC_Init                            0x0800120d   Thumb Code   238  stm32f4xx_hal_ltdc.o(i.HAL_LTDC_Init)
    HAL_LTDC_MspInit                         0x08001301   Thumb Code   110  ltdc.o(i.HAL_LTDC_MspInit)
    HAL_MspInit                              0x08001385   Thumb Code   126  stm32f4xx_hal_msp.o(i.HAL_MspInit)
    HAL_NVIC_EnableIRQ                       0x08001409   Thumb Code    22  stm32f4xx_hal_cortex.o(i.HAL_NVIC_EnableIRQ)
    HAL_NVIC_SetPriority                     0x08001421   Thumb Code    60  stm32f4xx_hal_cortex.o(i.HAL_NVIC_SetPriority)
    HAL_NVIC_SetPriorityGrouping             0x08001461   Thumb Code    26  stm32f4xx_hal_cortex.o(i.HAL_NVIC_SetPriorityGrouping)
    HAL_PWREx_EnableOverDrive                0x08001485   Thumb Code    98  stm32f4xx_hal_pwr_ex.o(i.HAL_PWREx_EnableOverDrive)
    HAL_RCCEx_PeriphCLKConfig                0x080014f5   Thumb Code   528  stm32f4xx_hal_rcc_ex.o(i.HAL_RCCEx_PeriphCLKConfig)
    HAL_RCC_ClockConfig                      0x08001729   Thumb Code   286  stm32f4xx_hal_rcc.o(i.HAL_RCC_ClockConfig)
    HAL_RCC_GetClockConfig                   0x08001859   Thumb Code    54  stm32f4xx_hal_rcc.o(i.HAL_RCC_GetClockConfig)
    HAL_RCC_GetHCLKFreq                      0x08001899   Thumb Code     6  stm32f4xx_hal_rcc.o(i.HAL_RCC_GetHCLKFreq)
    HAL_RCC_GetPCLK1Freq                     0x080018a5   Thumb Code    20  stm32f4xx_hal_rcc.o(i.HAL_RCC_GetPCLK1Freq)
    HAL_RCC_GetPCLK2Freq                     0x080018c5   Thumb Code    20  stm32f4xx_hal_rcc.o(i.HAL_RCC_GetPCLK2Freq)
    HAL_RCC_GetSysClockFreq                  0x080018e5   Thumb Code    88  stm32f4xx_hal_rcc.o(i.HAL_RCC_GetSysClockFreq)
    HAL_RCC_OscConfig                        0x08001949   Thumb Code   770  stm32f4xx_hal_rcc.o(i.HAL_RCC_OscConfig)
    HAL_RTC_Init                             0x08001c65   Thumb Code   166  stm32f4xx_hal_rtc.o(i.HAL_RTC_Init)
    HAL_RTC_MspInit                          0x08001d11   Thumb Code    16  rtc.o(i.HAL_RTC_MspInit)
    HAL_RTC_WaitForSynchro                   0x08001d29   Thumb Code    54  stm32f4xx_hal_rtc.o(i.HAL_RTC_WaitForSynchro)
    HAL_SDRAM_Init                           0x08001d5f   Thumb Code    66  stm32f4xx_hal_sdram.o(i.HAL_SDRAM_Init)
    HAL_SDRAM_MspInit                        0x08001da1   Thumb Code     4  fmc.o(i.HAL_SDRAM_MspInit)
    HAL_SDRAM_ProgramRefreshRate             0x08001da5   Thumb Code    34  stm32f4xx_hal_sdram.o(i.HAL_SDRAM_ProgramRefreshRate)
    HAL_SDRAM_SendCommand                    0x08001dc9   Thumb Code    48  stm32f4xx_hal_sdram.o(i.HAL_SDRAM_SendCommand)
    HAL_SD_AbortCallback                     0x08001df9   Thumb Code     8  bsp_driver_sd.o(i.HAL_SD_AbortCallback)
    HAL_SD_ConfigWideBusOperation            0x08001e01   Thumb Code   120  stm32f4xx_hal_sd.o(i.HAL_SD_ConfigWideBusOperation)
    HAL_SD_ErrorCallback                     0x08001e79   Thumb Code     2  stm32f4xx_hal_sd.o(i.HAL_SD_ErrorCallback)
    HAL_SD_GetCardCSD                        0x08001e7b   Thumb Code   474  stm32f4xx_hal_sd.o(i.HAL_SD_GetCardCSD)
    HAL_SD_GetCardInfo                       0x08002055   Thumb Code    36  stm32f4xx_hal_sd.o(i.HAL_SD_GetCardInfo)
    HAL_SD_GetCardState                      0x08002079   Thumb Code    44  stm32f4xx_hal_sd.o(i.HAL_SD_GetCardState)
    HAL_SD_IRQHandler                        0x080020a5   Thumb Code   438  stm32f4xx_hal_sd.o(i.HAL_SD_IRQHandler)
    HAL_SD_Init                              0x08002265   Thumb Code    54  stm32f4xx_hal_sd.o(i.HAL_SD_Init)
    HAL_SD_InitCard                          0x0800229d   Thumb Code    80  stm32f4xx_hal_sd.o(i.HAL_SD_InitCard)
    HAL_SD_MspInit                           0x080022f1   Thumb Code   256  sdio.o(i.HAL_SD_MspInit)
    HAL_SD_ReadBlocks_DMA                    0x08002419   Thumb Code   230  stm32f4xx_hal_sd.o(i.HAL_SD_ReadBlocks_DMA)
    HAL_SD_RxCpltCallback                    0x0800250d   Thumb Code     8  bsp_driver_sd.o(i.HAL_SD_RxCpltCallback)
    HAL_SD_TxCpltCallback                    0x08002515   Thumb Code     8  bsp_driver_sd.o(i.HAL_SD_TxCpltCallback)
    HAL_SD_WriteBlocks_DMA                   0x0800251d   Thumb Code   232  stm32f4xx_hal_sd.o(i.HAL_SD_WriteBlocks_DMA)
    HAL_SPI_Init                             0x08002611   Thumb Code   128  stm32f4xx_hal_spi.o(i.HAL_SPI_Init)
    HAL_SPI_MspInit                          0x08002691   Thumb Code    62  spi.o(i.HAL_SPI_MspInit)
    HAL_SPI_Receive                          0x080026dd   Thumb Code   336  stm32f4xx_hal_spi.o(i.HAL_SPI_Receive)
    HAL_SPI_Transmit                         0x0800282d   Thumb Code   360  stm32f4xx_hal_spi.o(i.HAL_SPI_Transmit)
    HAL_SPI_TransmitReceive                  0x08002995   Thumb Code   472  stm32f4xx_hal_spi.o(i.HAL_SPI_TransmitReceive)
    HAL_SYSTICK_CLKSourceConfig              0x08002b6d   Thumb Code    24  stm32f4xx_hal_cortex.o(i.HAL_SYSTICK_CLKSourceConfig)
    HAL_SYSTICK_Config                       0x08002b85   Thumb Code    40  stm32f4xx_hal_cortex.o(i.HAL_SYSTICK_Config)
    HAL_TIMEx_BreakCallback                  0x08002bad   Thumb Code     2  stm32f4xx_hal_tim_ex.o(i.HAL_TIMEx_BreakCallback)
    HAL_TIMEx_CommutationCallback            0x08002baf   Thumb Code     2  stm32f4xx_hal_tim_ex.o(i.HAL_TIMEx_CommutationCallback)
    HAL_TIMEx_MasterConfigSynchronization    0x08002bb1   Thumb Code    80  stm32f4xx_hal_tim_ex.o(i.HAL_TIMEx_MasterConfigSynchronization)
    HAL_TIM_Base_Init                        0x08002c01   Thumb Code    54  stm32f4xx_hal_tim.o(i.HAL_TIM_Base_Init)
    HAL_TIM_Base_MspInit                     0x08002c37   Thumb Code     2  stm32f4xx_hal_tim.o(i.HAL_TIM_Base_MspInit)
    HAL_TIM_Base_Start_IT                    0x08002c39   Thumb Code    24  stm32f4xx_hal_tim.o(i.HAL_TIM_Base_Start_IT)
    HAL_TIM_IC_CaptureCallback               0x08002c51   Thumb Code     2  stm32f4xx_hal_tim.o(i.HAL_TIM_IC_CaptureCallback)
    HAL_TIM_IRQHandler                       0x08002c53   Thumb Code   358  stm32f4xx_hal_tim.o(i.HAL_TIM_IRQHandler)
    HAL_TIM_MspPostInit                      0x08002db9   Thumb Code    42  tim.o(i.HAL_TIM_MspPostInit)
    HAL_TIM_OC_DelayElapsedCallback          0x08002ded   Thumb Code     2  stm32f4xx_hal_tim.o(i.HAL_TIM_OC_DelayElapsedCallback)
    HAL_TIM_PWM_ConfigChannel                0x08002def   Thumb Code   208  stm32f4xx_hal_tim.o(i.HAL_TIM_PWM_ConfigChannel)
    HAL_TIM_PWM_Init                         0x08002ebf   Thumb Code    54  stm32f4xx_hal_tim.o(i.HAL_TIM_PWM_Init)
    HAL_TIM_PWM_MspInit                      0x08002ef5   Thumb Code    30  tim.o(i.HAL_TIM_PWM_MspInit)
    HAL_TIM_PWM_PulseFinishedCallback        0x08002f1d   Thumb Code     2  stm32f4xx_hal_tim.o(i.HAL_TIM_PWM_PulseFinishedCallback)
    HAL_TIM_PWM_Start                        0x08002f21   Thumb Code    48  stm32f4xx_hal_tim.o(i.HAL_TIM_PWM_Start)
    HAL_TIM_PeriodElapsedCallback            0x08002f59   Thumb Code    14  main.o(i.HAL_TIM_PeriodElapsedCallback)
    HAL_TIM_TriggerCallback                  0x08002f6d   Thumb Code     2  stm32f4xx_hal_tim.o(i.HAL_TIM_TriggerCallback)
    HAL_UART_ErrorCallback                   0x08002f6f   Thumb Code     2  stm32f4xx_hal_uart.o(i.HAL_UART_ErrorCallback)
    HAL_UART_IRQHandler                      0x08002f71   Thumb Code   266  stm32f4xx_hal_uart.o(i.HAL_UART_IRQHandler)
    HAL_UART_Init                            0x08003081   Thumb Code    98  stm32f4xx_hal_uart.o(i.HAL_UART_Init)
    HAL_UART_MspInit                         0x080030e5   Thumb Code    92  usart.o(i.HAL_UART_MspInit)
    HAL_UART_Receive_IT                      0x0800314d   Thumb Code    72  stm32f4xx_hal_uart.o(i.HAL_UART_Receive_IT)
    HAL_UART_RxCpltCallback                  0x08003195   Thumb Code    26  usart.o(i.HAL_UART_RxCpltCallback)
    HAL_UART_Transmit                        0x080031b9   Thumb Code   186  stm32f4xx_hal_uart.o(i.HAL_UART_Transmit)
    HAL_UART_TxCpltCallback                  0x08003273   Thumb Code     2  stm32f4xx_hal_uart.o(i.HAL_UART_TxCpltCallback)
    HardFault_Handler                        0x08003275   Thumb Code     2  stm32f4xx_it.o(i.HardFault_Handler)
    IIC_Touch_Delay                          0x08003277   Thumb Code    18  touch.o(i.IIC_Touch_Delay)
    IIC_Touch_NoResponse                     0x08003289   Thumb Code    80  touch.o(i.IIC_Touch_NoResponse)
    IIC_Touch_ReadByte                       0x080032e1   Thumb Code   130  touch.o(i.IIC_Touch_ReadByte)
    IIC_Touch_Response                       0x0800336d   Thumb Code    62  touch.o(i.IIC_Touch_Response)
    IIC_Touch_SDA_In                         0x080033b5   Thumb Code    32  touch.o(i.IIC_Touch_SDA_In)
    IIC_Touch_SDA_Out                        0x080033d9   Thumb Code    30  touch.o(i.IIC_Touch_SDA_Out)
    IIC_Touch_Start                          0x080033fd   Thumb Code    74  touch.o(i.IIC_Touch_Start)
    IIC_Touch_Stop                           0x08003451   Thumb Code    78  touch.o(i.IIC_Touch_Stop)
    IIC_Touch_WaitResponse                   0x080034a9   Thumb Code    90  touch.o(i.IIC_Touch_WaitResponse)
    IIC_Touch_WriteByte                      0x0800350d   Thumb Code    92  touch.o(i.IIC_Touch_WriteByte)
    MX_CRC_Init                              0x080036d5   Thumb Code    32  crc.o(i.MX_CRC_Init)
    MX_DMA2D_Init                            0x0800370d   Thumb Code    66  dma2d.o(i.MX_DMA2D_Init)
    MX_DMA_Init                              0x08003769   Thumb Code   114  dma.o(i.MX_DMA_Init)
    MX_FATFS_Init                            0x080037f9   Thumb Code    28  fatfs.o(i.MX_FATFS_Init)
    MX_FMC_Init                              0x08003821   Thumb Code    94  fmc.o(i.MX_FMC_Init)
    MX_FREERTOS_Init                         0x08003899   Thumb Code    52  freertos.o(i.MX_FREERTOS_Init)
    MX_GPIO_Init                             0x080038d5   Thumb Code   434  gpio.o(i.MX_GPIO_Init)
    MX_LTDC_Init                             0x08003aa9   Thumb Code   166  ltdc.o(i.MX_LTDC_Init)
    MX_RTC_Init                              0x08003b6d   Thumb Code    48  rtc.o(i.MX_RTC_Init)
    MX_SDIO_SD_Init                          0x08003bb5   Thumb Code    24  sdio.o(i.MX_SDIO_SD_Init)
    MX_SPI1_Init                             0x08003bd5   Thumb Code    66  spi.o(i.MX_SPI1_Init)
    MX_TIM4_Init                             0x08003c31   Thumb Code   106  tim.o(i.MX_TIM4_Init)
    MX_USART1_UART_Init                      0x08003cb5   Thumb Code    52  usart.o(i.MX_USART1_UART_Init)
    MemManage_Handler                        0x08003d01   Thumb Code     2  stm32f4xx_it.o(i.MemManage_Handler)
    NMI_Handler                              0x08003d03   Thumb Code     2  stm32f4xx_it.o(i.NMI_Handler)
    RTC_EnterInitMode                        0x08003d25   Thumb Code    58  stm32f4xx_hal_rtc.o(i.RTC_EnterInitMode)
    SDIO_ConfigData                          0x08003d5f   Thumb Code    36  stm32f4xx_ll_sdmmc.o(i.SDIO_ConfigData)
    SDIO_GetPowerState                       0x08003d83   Thumb Code     8  stm32f4xx_ll_sdmmc.o(i.SDIO_GetPowerState)
    SDIO_GetResponse                         0x08003d8b   Thumb Code    12  stm32f4xx_ll_sdmmc.o(i.SDIO_GetResponse)
    SDIO_IRQHandler                          0x08003d99   Thumb Code     6  stm32f4xx_it.o(i.SDIO_IRQHandler)
    SDIO_Init                                0x08003da5   Thumb Code    36  stm32f4xx_ll_sdmmc.o(i.SDIO_Init)
    SDIO_PowerState_ON                       0x08003dc9   Thumb Code     8  stm32f4xx_ll_sdmmc.o(i.SDIO_PowerState_ON)
    SDIO_ReadFIFO                            0x08003dd1   Thumb Code     6  stm32f4xx_ll_sdmmc.o(i.SDIO_ReadFIFO)
    SDIO_SendCommand                         0x08003dd7   Thumb Code    32  stm32f4xx_ll_sdmmc.o(i.SDIO_SendCommand)
    SDIO_WriteFIFO                           0x08003df7   Thumb Code    10  stm32f4xx_ll_sdmmc.o(i.SDIO_WriteFIFO)
    SDMMC_CmdAppCommand                      0x08003e01   Thumb Code    50  stm32f4xx_ll_sdmmc.o(i.SDMMC_CmdAppCommand)
    SDMMC_CmdAppOperCommand                  0x08003e35   Thumb Code    48  stm32f4xx_ll_sdmmc.o(i.SDMMC_CmdAppOperCommand)
    SDMMC_CmdBlockLength                     0x08003e69   Thumb Code    50  stm32f4xx_ll_sdmmc.o(i.SDMMC_CmdBlockLength)
    SDMMC_CmdBusWidth                        0x08003e9b   Thumb Code    50  stm32f4xx_ll_sdmmc.o(i.SDMMC_CmdBusWidth)
    SDMMC_CmdGoIdleState                     0x08003ecd   Thumb Code    76  stm32f4xx_ll_sdmmc.o(i.SDMMC_CmdGoIdleState)
    SDMMC_CmdOperCond                        0x08003f1d   Thumb Code    98  stm32f4xx_ll_sdmmc.o(i.SDMMC_CmdOperCond)
    SDMMC_CmdReadMultiBlock                  0x08003f85   Thumb Code    50  stm32f4xx_ll_sdmmc.o(i.SDMMC_CmdReadMultiBlock)
    SDMMC_CmdReadSingleBlock                 0x08003fb7   Thumb Code    50  stm32f4xx_ll_sdmmc.o(i.SDMMC_CmdReadSingleBlock)
    SDMMC_CmdSelDesel                        0x08003fe9   Thumb Code    50  stm32f4xx_ll_sdmmc.o(i.SDMMC_CmdSelDesel)
    SDMMC_CmdSendCID                         0x0800401b   Thumb Code    44  stm32f4xx_ll_sdmmc.o(i.SDMMC_CmdSendCID)
    SDMMC_CmdSendCSD                         0x08004047   Thumb Code    44  stm32f4xx_ll_sdmmc.o(i.SDMMC_CmdSendCSD)
    SDMMC_CmdSendSCR                         0x08004073   Thumb Code    48  stm32f4xx_ll_sdmmc.o(i.SDMMC_CmdSendSCR)
    SDMMC_CmdSendStatus                      0x080040a3   Thumb Code    50  stm32f4xx_ll_sdmmc.o(i.SDMMC_CmdSendStatus)
    SDMMC_CmdSetRelAdd                       0x080040d5   Thumb Code    48  stm32f4xx_ll_sdmmc.o(i.SDMMC_CmdSetRelAdd)
    SDMMC_CmdStopTransfer                    0x08004105   Thumb Code    46  stm32f4xx_ll_sdmmc.o(i.SDMMC_CmdStopTransfer)
    SDMMC_CmdWriteMultiBlock                 0x08004139   Thumb Code    50  stm32f4xx_ll_sdmmc.o(i.SDMMC_CmdWriteMultiBlock)
    SDMMC_CmdWriteSingleBlock                0x0800416b   Thumb Code    50  stm32f4xx_ll_sdmmc.o(i.SDMMC_CmdWriteSingleBlock)
    SDRAM_Initialization_sequence            0x080043cd   Thumb Code   138  extmem.o(i.SDRAM_Initialization_sequence)
    SD_initialize                            0x080048b1   Thumb Code    60  sd_diskio.o(i.SD_initialize)
    SD_ioctl                                 0x080048f5   Thumb Code    76  sd_diskio.o(i.SD_ioctl)
    SD_read                                  0x08004945   Thumb Code    78  sd_diskio.o(i.SD_read)
    SD_status                                0x08004999   Thumb Code     4  sd_diskio.o(i.SD_status)
    SD_write                                 0x0800499d   Thumb Code    78  sd_diskio.o(i.SD_write)
    StartDebugTask                           0x08004aa9   Thumb Code    36  freertos.o(i.StartDebugTask)
    StartDefaultTask                         0x08004ae5   Thumb Code    40  freertos.o(i.StartDefaultTask)
    SysTick_Handler                          0x08004b29   Thumb Code     4  stm32f4xx_it.o(i.SysTick_Handler)
    SystemClock_Config                       0x08004b2d   Thumb Code   196  main.o(i.SystemClock_Config)
    SystemInit                               0x08004bf9   Thumb Code    66  system_stm32f4xx.o(i.SystemInit)
    TIM8_TRG_COM_TIM14_IRQHandler            0x08004c4d   Thumb Code     6  stm32f4xx_it.o(i.TIM8_TRG_COM_TIM14_IRQHandler)
    TIM_Base_SetConfig                       0x08004c59   Thumb Code   148  stm32f4xx_hal_tim.o(i.TIM_Base_SetConfig)
    TIM_CCxChannelCmd                        0x08004d19   Thumb Code    22  stm32f4xx_hal_tim.o(i.TIM_CCxChannelCmd)
    TIM_OC2_SetConfig                        0x08004d89   Thumb Code    90  stm32f4xx_hal_tim.o(i.TIM_OC2_SetConfig)
    TOUCH_Init                               0x08004e9d   Thumb Code    30  touch.o(i.TOUCH_Init)
    UART1_Print                              0x08004ebd   Thumb Code    24  usart.o(i.UART1_Print)
    UART1_PrintDataLn                        0x08004ed9   Thumb Code    24  usart.o(i.UART1_PrintDataLn)
    UART1_PrintLn                            0x08004ef5   Thumb Code    50  usart.o(i.UART1_PrintLn)
    UART1_PrintNum                           0x08004f2d   Thumb Code    32  usart.o(i.UART1_PrintNum)
    UART_RxIdleCallback                      0x0800500d   Thumb Code    32  usart.o(i.UART_RxIdleCallback)
    USART1_IRQHandler                        0x080053b1   Thumb Code    36  stm32f4xx_it.o(i.USART1_IRQHandler)
    USER_initialize                          0x080053d9   Thumb Code    26  user_diskio.o(i.USER_initialize)
    USER_ioctl                               0x080053f9   Thumb Code    40  user_diskio.o(i.USER_ioctl)
    USER_read                                0x08005421   Thumb Code    52  user_diskio.o(i.USER_read)
    USER_status                              0x08005455   Thumb Code    26  user_diskio.o(i.USER_status)
    USER_write                               0x08005475   Thumb Code    52  user_diskio.o(i.USER_write)
    UsageFault_Handler                       0x080054a9   Thumb Code     2  stm32f4xx_it.o(i.UsageFault_Handler)
    _Error_Handler                           0x080054ab   Thumb Code     2  main.o(i._Error_Handler)
    __0sprintf$1                             0x080054ad   Thumb Code    34  printf1.o(i.__0sprintf$1)
    __1sprintf$1                             0x080054ad   Thumb Code     0  printf1.o(i.__0sprintf$1)
    __2sprintf                               0x080054ad   Thumb Code     0  printf1.o(i.__0sprintf$1)
    __scatterload_copy                       0x080054d5   Thumb Code    14  handlers.o(i.__scatterload_copy)
    __scatterload_null                       0x080054e3   Thumb Code     2  handlers.o(i.__scatterload_null)
    __scatterload_zeroinit                   0x080054e5   Thumb Code    14  handlers.o(i.__scatterload_zeroinit)
    main                                     0x08005661   Thumb Code   184  main.o(i.main)
    osDelay                                  0x08005759   Thumb Code    14  cmsis_os.o(i.osDelay)
    osKernelRunning                          0x08005767   Thumb Code    18  cmsis_os.o(i.osKernelRunning)
    osKernelStart                            0x08005779   Thumb Code    10  cmsis_os.o(i.osKernelStart)
    osKernelSysTick                          0x08005783   Thumb Code    24  cmsis_os.o(i.osKernelSysTick)
    osMessageCreate                          0x0800579b   Thumb Code     8  cmsis_os.o(i.osMessageCreate)
    osMessageGet                             0x080057a5   Thumb Code   146  cmsis_os.o(i.osMessageGet)
    osMessagePut                             0x0800583d   Thumb Code    86  cmsis_os.o(i.osMessagePut)
    osSystickHandler                         0x08005899   Thumb Code    20  cmsis_os.o(i.osSystickHandler)
    osThreadCreate                           0x080058ad   Thumb Code    46  cmsis_os.o(i.osThreadCreate)
    pvPortMalloc                             0x08005d35   Thumb Code   210  heap_4.o(i.pvPortMalloc)
    pvTaskIncrementMutexHeldCount            0x08005e0d   Thumb Code    18  tasks.o(i.pvTaskIncrementMutexHeldCount)
    pxPortInitialiseStack                    0x08005e25   Thumb Code    40  port.o(i.pxPortInitialiseStack)
    uxListRemove                             0x08005e51   Thumb Code    36  list.o(i.uxListRemove)
    vListInitialise                          0x08005e75   Thumb Code    22  list.o(i.vListInitialise)
    vListInitialiseItem                      0x08005e8b   Thumb Code     6  list.o(i.vListInitialiseItem)
    vListInsert                              0x08005e91   Thumb Code    48  list.o(i.vListInsert)
    vListInsertEnd                           0x08005ec1   Thumb Code    24  list.o(i.vListInsertEnd)
    vPortEnterCritical                       0x08005ed9   Thumb Code    54  port.o(i.vPortEnterCritical)
    vPortExitCritical                        0x08005f19   Thumb Code    34  port.o(i.vPortExitCritical)
    vPortFree                                0x08005f41   Thumb Code    88  heap_4.o(i.vPortFree)
    vPortSetupTimerInterrupt                 0x08005f9d   Thumb Code    26  port.o(i.vPortSetupTimerInterrupt)
    vPortValidateInterruptPriority           0x08005fbd   Thumb Code    74  port.o(i.vPortValidateInterruptPriority)
    vTaskDelay                               0x08006011   Thumb Code    66  tasks.o(i.vTaskDelay)
    vTaskMissedYield                         0x0800605d   Thumb Code     8  tasks.o(i.vTaskMissedYield)
    vTaskPlaceOnEventList                    0x08006069   Thumb Code    44  tasks.o(i.vTaskPlaceOnEventList)
    vTaskPriorityInherit                     0x08006099   Thumb Code   124  tasks.o(i.vTaskPriorityInherit)
    vTaskSetTimeOutState                     0x0800611d   Thumb Code    30  tasks.o(i.vTaskSetTimeOutState)
    vTaskStartScheduler                      0x08006141   Thumb Code    86  tasks.o(i.vTaskStartScheduler)
    vTaskSuspendAll                          0x080061a9   Thumb Code    10  tasks.o(i.vTaskSuspendAll)
    vTaskSwitchContext                       0x080061b9   Thumb Code    82  tasks.o(i.vTaskSwitchContext)
    xPortStartScheduler                      0x08006215   Thumb Code   202  port.o(i.xPortStartScheduler)
    xPortSysTickHandler                      0x080062f5   Thumb Code    38  port.o(i.xPortSysTickHandler)
    xQueueGenericCreate                      0x08006321   Thumb Code    72  queue.o(i.xQueueGenericCreate)
    xQueueGenericReceive                     0x08006369   Thumb Code   360  queue.o(i.xQueueGenericReceive)
    xQueueGenericReset                       0x080064d5   Thumb Code   132  queue.o(i.xQueueGenericReset)
    xQueueGenericSend                        0x0800655d   Thumb Code   346  queue.o(i.xQueueGenericSend)
    xQueueGenericSendFromISR                 0x080066bd   Thumb Code   188  queue.o(i.xQueueGenericSendFromISR)
    xQueueReceiveFromISR                     0x08006779   Thumb Code   154  queue.o(i.xQueueReceiveFromISR)
    xTaskCheckForTimeOut                     0x08006815   Thumb Code   102  tasks.o(i.xTaskCheckForTimeOut)
    xTaskCreate                              0x08006881   Thumb Code    86  tasks.o(i.xTaskCreate)
    xTaskGetSchedulerState                   0x080068d9   Thumb Code    22  tasks.o(i.xTaskGetSchedulerState)
    xTaskGetTickCount                        0x080068f5   Thumb Code     6  tasks.o(i.xTaskGetTickCount)
    xTaskGetTickCountFromISR                 0x08006901   Thumb Code    12  tasks.o(i.xTaskGetTickCountFromISR)
    xTaskIncrementTick                       0x08006911   Thumb Code   192  tasks.o(i.xTaskIncrementTick)
    xTaskPriorityDisinherit                  0x080069d9   Thumb Code   144  tasks.o(i.xTaskPriorityDisinherit)
    xTaskRemoveFromEventList                 0x08006a71   Thumb Code   108  tasks.o(i.xTaskRemoveFromEventList)
    xTaskResumeAll                           0x08006ae5   Thumb Code   182  tasks.o(i.xTaskResumeAll)
    SD_Driver                                0x08006ba8   Data          20  sd_diskio.o(.constdata)
    AHBPrescTable                            0x08006bf4   Data          16  system_stm32f4xx.o(.constdata)
    APBPrescTable                            0x08006c04   Data           8  system_stm32f4xx.o(.constdata)
    Region$$Table$$Base                      0x08006c24   Number         0  anon$$obj.o(Region$$Table)
    Region$$Table$$Limit                     0x08006c44   Number         0  anon$$obj.o(Region$$Table)
    isSequenceInited                         0x20000000   Data           1  extmem.o(.data)
    hcrc                                     0x20000004   Data           8  crc.o(.data)
    retSD                                    0x20000014   Data           1  fatfs.o(.data)
    retUSER                                  0x20000015   Data           1  fatfs.o(.data)
    SDPath                                   0x20000016   Data           4  fatfs.o(.data)
    USERPath                                 0x2000001a   Data           4  fatfs.o(.data)
    USER_Driver                              0x20000020   Data          20  user_diskio.o(.data)
    defaultTaskHandle                        0x2000003c   Data           4  freertos.o(.data)
    debugTaskHandle                          0x20000040   Data           4  freertos.o(.data)
    msgCnt                                   0x20000044   Data           1  usart.o(.data)
    uartRevValue                             0x20000045   Data           1  usart.o(.data)
    uwTickFreq                               0x20000048   Data           1  stm32f4xx_hal.o(.data)
    uwTickPrio                               0x2000004c   Data           4  stm32f4xx_hal.o(.data)
    uwTick                                   0x20000050   Data           4  stm32f4xx_hal.o(.data)
    SystemCoreClock                          0x20000054   Data           4  system_stm32f4xx.o(.data)
    pxCurrentTCB                             0x2000007c   Data           4  tasks.o(.data)
    SDRAM_EXMM_Table                         0x200000b8   Data        3332  extmem.o(.bss)
    Command                                  0x20000dbc   Data          16  extmem.o(.bss)
    hdma_memtomem_dma2_stream0               0x20000dcc   Data          96  dma.o(.bss)
    hdma2d                                   0x20000e2c   Data          64  dma2d.o(.bss)
    hsdram1                                  0x20000e6c   Data          52  fmc.o(.bss)
    hltdc                                    0x20000ea0   Data         168  ltdc.o(.bss)
    hrtc                                     0x20000f48   Data          32  rtc.o(.bss)
    Buffer_Block_Tx                          0x20000f68   Data       16384  sdio.o(.bss)
    hsd                                      0x20004f68   Data         132  sdio.o(.bss)
    hdma_sdio_rx                             0x20004fec   Data          96  sdio.o(.bss)
    hdma_sdio_tx                             0x2000504c   Data          96  sdio.o(.bss)
    hspi1                                    0x200050ac   Data          88  spi.o(.bss)
    htim4                                    0x20005104   Data          60  tim.o(.bss)
    huart1                                   0x20005140   Data          64  usart.o(.bss)
    revMsg                                   0x20005180   Data          50  usart.o(.bss)
    htim14                                   0x200051b4   Data          60  stm32f4xx_hal_timebase_tim.o(.bss)
    disk                                     0x200051f0   Data          16  ff_gen_drv.o(.bss)
    __initial_sp                             0x200092f0   Data           0  startup_stm32f429xx.o(STACK)



==============================================================================

Memory Map of the image

  Image Entry point : 0x080001ad

  Load Region LR_IROM1 (Base: 0x08000000, Size: 0x00006cfc, Max: 0x00200000, ABSOLUTE)

    Execution Region ER_IROM1 (Base: 0x08000000, Size: 0x00006c44, Max: 0x00200000, ABSOLUTE)

    Base Addr    Size         Type   Attr      Idx    E Section Name        Object

    0x08000000   0x000001ac   Data   RO            3    RESET               startup_stm32f429xx.o
    0x080001ac   0x00000000   Code   RO         7655  * .ARM.Collect$$$$00000000  mc_w.l(entry.o)
    0x080001ac   0x00000004   Code   RO         7933    .ARM.Collect$$$$00000001  mc_w.l(entry2.o)
    0x080001b0   0x00000004   Code   RO         7936    .ARM.Collect$$$$00000004  mc_w.l(entry5.o)
    0x080001b4   0x00000000   Code   RO         7938    .ARM.Collect$$$$00000008  mc_w.l(entry7b.o)
    0x080001b4   0x00000000   Code   RO         7940    .ARM.Collect$$$$0000000A  mc_w.l(entry8b.o)
    0x080001b4   0x00000008   Code   RO         7941    .ARM.Collect$$$$0000000B  mc_w.l(entry9a.o)
    0x080001bc   0x00000000   Code   RO         7943    .ARM.Collect$$$$0000000D  mc_w.l(entry10a.o)
    0x080001bc   0x00000000   Code   RO         7945    .ARM.Collect$$$$0000000F  mc_w.l(entry11a.o)
    0x080001bc   0x00000004   Code   RO         7934    .ARM.Collect$$$$00002712  mc_w.l(entry2.o)
    0x080001c0   0x000000ba   Code   RO         6659    .emb_text           port.o
    0x0800027a   0x00000002   PAD
    0x0800027c   0x00000024   Code   RO            4    .text               startup_stm32f429xx.o
    0x080002a0   0x00000062   Code   RO         7658    .text               mc_w.l(uldiv.o)
    0x08000302   0x00000024   Code   RO         7660    .text               mc_w.l(memcpya.o)
    0x08000326   0x0000000e   Code   RO         7662    .text               mc_w.l(strlen.o)
    0x08000334   0x0000002c   Code   RO         7948    .text               mc_w.l(uidiv.o)
    0x08000360   0x0000001e   Code   RO         7950    .text               mc_w.l(llshl.o)
    0x0800037e   0x00000020   Code   RO         7952    .text               mc_w.l(llushr.o)
    0x0800039e   0x00000002   PAD
    0x080003a0   0x00000024   Code   RO         7965    .text               mc_w.l(init.o)
    0x080003c4   0x00000002   Code   RO          697    i.BSP_SD_AbortCallback  bsp_driver_sd.o
    0x080003c6   0x00000002   PAD
    0x080003c8   0x0000000c   Code   RO          703    i.BSP_SD_GetCardInfo  bsp_driver_sd.o
    0x080003d4   0x00000018   Code   RO          704    i.BSP_SD_GetCardState  bsp_driver_sd.o
    0x080003ec   0x00000034   Code   RO          707    i.BSP_SD_Init       bsp_driver_sd.o
    0x08000420   0x0000001c   Code   RO          710    i.BSP_SD_ReadBlocks_DMA  bsp_driver_sd.o
    0x0800043c   0x00000014   Code   RO          841    i.BSP_SD_ReadCpltCallback  sd_diskio.o
    0x08000450   0x0000001c   Code   RO          713    i.BSP_SD_WriteBlocks_DMA  bsp_driver_sd.o
    0x0800046c   0x00000014   Code   RO          842    i.BSP_SD_WriteCpltCallback  sd_diskio.o
    0x08000480   0x00000054   Code   RO           15    i.BSP_W25Qx_GetStatus  bsp_driver_flash.o
    0x080004d4   0x00000040   Code   RO           16    i.BSP_W25Qx_Init    bsp_driver_flash.o
    0x08000514   0x00000060   Code   RO           17    i.BSP_W25Qx_Read    bsp_driver_flash.o
    0x08000574   0x000000c4   Code   RO           19    i.BSP_W25Qx_Write   bsp_driver_flash.o
    0x08000638   0x0000005c   Code   RO           20    i.BSP_W25Qx_WriteEnable  bsp_driver_flash.o
    0x08000694   0x00000002   Code   RO         1480    i.BusFault_Handler  stm32f4xx_it.o
    0x08000696   0x00000002   PAD
    0x08000698   0x0000000c   Code   RO         1481    i.DMA2_Stream3_IRQHandler  stm32f4xx_it.o
    0x080006a4   0x0000000c   Code   RO         1482    i.DMA2_Stream6_IRQHandler  stm32f4xx_it.o
    0x080006b0   0x00000028   Code   RO         5418    i.DMA_CalcBaseAndBitshift  stm32f4xx_hal_dma.o
    0x080006d8   0x00000054   Code   RO         5419    i.DMA_CheckFifoParam  stm32f4xx_hal_dma.o
    0x0800072c   0x00000028   Code   RO         5420    i.DMA_SetConfig     stm32f4xx_hal_dma.o
    0x08000754   0x00000002   Code   RO         1483    i.DebugMon_Handler  stm32f4xx_it.o
    0x08000756   0x00000008   Code   RO         1484    i.EXTI9_5_IRQHandler  stm32f4xx_it.o
    0x0800075e   0x00000006   Code   RO         6542    i.FATFS_LinkDriver  ff_gen_drv.o
    0x08000764   0x00000040   Code   RO         6543    i.FATFS_LinkDriverEx  ff_gen_drv.o
    0x080007a4   0x00000050   Code   RO         1921    i.FMC_SDRAM_Init    stm32f4xx_ll_fmc.o
    0x080007f4   0x0000000c   Code   RO         1922    i.FMC_SDRAM_ProgramRefreshRate  stm32f4xx_ll_fmc.o
    0x08000800   0x00000048   Code   RO         1923    i.FMC_SDRAM_SendCommand  stm32f4xx_ll_fmc.o
    0x08000848   0x00000080   Code   RO         1925    i.FMC_SDRAM_Timing_Init  stm32f4xx_ll_fmc.o
    0x080008c8   0x00000054   Code   RO          276    i.GT9XX_ReadData    touch.o
    0x0800091c   0x00000026   Code   RO          278    i.GT9XX_WriteHandle  touch.o
    0x08000942   0x00000026   Code   RO         1648    i.HAL_CRC_Init      stm32f4xx_hal_crc.o
    0x08000968   0x00000028   Code   RO          584    i.HAL_CRC_MspInit   crc.o
    0x08000990   0x000000a8   Code   RO         1716    i.HAL_DMA2D_ConfigLayer  stm32f4xx_hal_dma2d.o
    0x08000a38   0x0000005a   Code   RO         1724    i.HAL_DMA2D_Init    stm32f4xx_hal_dma2d.o
    0x08000a92   0x00000002   PAD
    0x08000a94   0x00000028   Code   RO          656    i.HAL_DMA2D_MspInit  dma2d.o
    0x08000abc   0x00000024   Code   RO         5422    i.HAL_DMA_Abort_IT  stm32f4xx_hal_dma.o
    0x08000ae0   0x000001a0   Code   RO         5426    i.HAL_DMA_IRQHandler  stm32f4xx_hal_dma.o
    0x08000c80   0x000000d4   Code   RO         5427    i.HAL_DMA_Init      stm32f4xx_hal_dma.o
    0x08000d54   0x00000078   Code   RO         5431    i.HAL_DMA_Start_IT  stm32f4xx_hal_dma.o
    0x08000dcc   0x00000024   Code   RO         5858    i.HAL_Delay         stm32f4xx_hal.o
    0x08000df0   0x000000f0   Code   RO         1028    i.HAL_FMC_MspInit   fmc.o
    0x08000ee0   0x00000014   Code   RO          553    i.HAL_GPIO_EXTI_Callback  gpio.o
    0x08000ef4   0x00000018   Code   RO         5313    i.HAL_GPIO_EXTI_IRQHandler  stm32f4xx_hal_gpio.o
    0x08000f0c   0x000001cc   Code   RO         5314    i.HAL_GPIO_Init     stm32f4xx_hal_gpio.o
    0x080010d8   0x0000000a   Code   RO         5316    i.HAL_GPIO_ReadPin  stm32f4xx_hal_gpio.o
    0x080010e2   0x00000008   Code   RO         5317    i.HAL_GPIO_TogglePin  stm32f4xx_hal_gpio.o
    0x080010ea   0x0000000a   Code   RO         5318    i.HAL_GPIO_WritePin  stm32f4xx_hal_gpio.o
    0x080010f4   0x0000000c   Code   RO         5866    i.HAL_GetTick       stm32f4xx_hal.o
    0x08001100   0x00000010   Code   RO         5870    i.HAL_IncTick       stm32f4xx_hal.o
    0x08001110   0x00000034   Code   RO         5871    i.HAL_Init          stm32f4xx_hal.o
    0x08001144   0x00000074   Code   RO         1604    i.HAL_InitTick      stm32f4xx_hal_timebase_tim.o
    0x080011b8   0x00000052   Code   RO         2240    i.HAL_LTDC_ConfigLayer  stm32f4xx_hal_ltdc.o
    0x0800120a   0x00000002   PAD
    0x0800120c   0x000000f4   Code   RO         2257    i.HAL_LTDC_Init     stm32f4xx_hal_ltdc.o
    0x08001300   0x00000084   Code   RO         1141    i.HAL_LTDC_MspInit  ltdc.o
    0x08001384   0x00000084   Code   RO         1580    i.HAL_MspInit       stm32f4xx_hal_msp.o
    0x08001408   0x00000016   Code   RO         5721    i.HAL_NVIC_EnableIRQ  stm32f4xx_hal_cortex.o
    0x0800141e   0x00000002   PAD
    0x08001420   0x00000040   Code   RO         5727    i.HAL_NVIC_SetPriority  stm32f4xx_hal_cortex.o
    0x08001460   0x00000024   Code   RO         5728    i.HAL_NVIC_SetPriorityGrouping  stm32f4xx_hal_cortex.o
    0x08001484   0x00000070   Code   RO         5650    i.HAL_PWREx_EnableOverDrive  stm32f4xx_hal_pwr_ex.o
    0x080014f4   0x00000234   Code   RO         5015    i.HAL_RCCEx_PeriphCLKConfig  stm32f4xx_hal_rcc_ex.o
    0x08001728   0x00000130   Code   RO         4908    i.HAL_RCC_ClockConfig  stm32f4xx_hal_rcc.o
    0x08001858   0x00000040   Code   RO         4912    i.HAL_RCC_GetClockConfig  stm32f4xx_hal_rcc.o
    0x08001898   0x0000000c   Code   RO         4913    i.HAL_RCC_GetHCLKFreq  stm32f4xx_hal_rcc.o
    0x080018a4   0x00000020   Code   RO         4915    i.HAL_RCC_GetPCLK1Freq  stm32f4xx_hal_rcc.o
    0x080018c4   0x00000020   Code   RO         4916    i.HAL_RCC_GetPCLK2Freq  stm32f4xx_hal_rcc.o
    0x080018e4   0x00000064   Code   RO         4917    i.HAL_RCC_GetSysClockFreq  stm32f4xx_hal_rcc.o
    0x08001948   0x0000031c   Code   RO         4920    i.HAL_RCC_OscConfig  stm32f4xx_hal_rcc.o
    0x08001c64   0x000000ac   Code   RO         2538    i.HAL_RTC_Init      stm32f4xx_hal_rtc.o
    0x08001d10   0x00000018   Code   RO         1183    i.HAL_RTC_MspInit   rtc.o
    0x08001d28   0x00000036   Code   RO         2546    i.HAL_RTC_WaitForSynchro  stm32f4xx_hal_rtc.o
    0x08001d5e   0x00000042   Code   RO         2087    i.HAL_SDRAM_Init    stm32f4xx_hal_sdram.o
    0x08001da0   0x00000004   Code   RO         1030    i.HAL_SDRAM_MspInit  fmc.o
    0x08001da4   0x00000022   Code   RO         2090    i.HAL_SDRAM_ProgramRefreshRate  stm32f4xx_hal_sdram.o
    0x08001dc6   0x00000002   PAD
    0x08001dc8   0x00000030   Code   RO         2096    i.HAL_SDRAM_SendCommand  stm32f4xx_hal_sdram.o
    0x08001df8   0x00000008   Code   RO          715    i.HAL_SD_AbortCallback  bsp_driver_sd.o
    0x08001e00   0x00000078   Code   RO         3162    i.HAL_SD_ConfigWideBusOperation  stm32f4xx_hal_sd.o
    0x08001e78   0x00000002   Code   RO         3165    i.HAL_SD_ErrorCallback  stm32f4xx_hal_sd.o
    0x08001e7a   0x000001da   Code   RO         3167    i.HAL_SD_GetCardCSD  stm32f4xx_hal_sd.o
    0x08002054   0x00000024   Code   RO         3168    i.HAL_SD_GetCardInfo  stm32f4xx_hal_sd.o
    0x08002078   0x0000002c   Code   RO         3169    i.HAL_SD_GetCardState  stm32f4xx_hal_sd.o
    0x080020a4   0x000001c0   Code   RO         3173    i.HAL_SD_IRQHandler  stm32f4xx_hal_sd.o
    0x08002264   0x00000036   Code   RO         3174    i.HAL_SD_Init       stm32f4xx_hal_sd.o
    0x0800229a   0x00000002   PAD
    0x0800229c   0x00000054   Code   RO         3175    i.HAL_SD_InitCard   stm32f4xx_hal_sd.o
    0x080022f0   0x00000128   Code   RO         1227    i.HAL_SD_MspInit    sdio.o
    0x08002418   0x000000f4   Code   RO         3179    i.HAL_SD_ReadBlocks_DMA  stm32f4xx_hal_sd.o
    0x0800250c   0x00000008   Code   RO          716    i.HAL_SD_RxCpltCallback  bsp_driver_sd.o
    0x08002514   0x00000008   Code   RO          717    i.HAL_SD_TxCpltCallback  bsp_driver_sd.o
    0x0800251c   0x000000f4   Code   RO         3184    i.HAL_SD_WriteBlocks_DMA  stm32f4xx_hal_sd.o
    0x08002610   0x00000080   Code   RO         3405    i.HAL_SPI_Init      stm32f4xx_hal_spi.o
    0x08002690   0x0000004c   Code   RO         1304    i.HAL_SPI_MspInit   spi.o
    0x080026dc   0x00000150   Code   RO         3408    i.HAL_SPI_Receive   stm32f4xx_hal_spi.o
    0x0800282c   0x00000168   Code   RO         3413    i.HAL_SPI_Transmit  stm32f4xx_hal_spi.o
    0x08002994   0x000001d8   Code   RO         3414    i.HAL_SPI_TransmitReceive  stm32f4xx_hal_spi.o
    0x08002b6c   0x00000018   Code   RO         5730    i.HAL_SYSTICK_CLKSourceConfig  stm32f4xx_hal_cortex.o
    0x08002b84   0x00000028   Code   RO         5732    i.HAL_SYSTICK_Config  stm32f4xx_hal_cortex.o
    0x08002bac   0x00000002   Code   RO         4342    i.HAL_TIMEx_BreakCallback  stm32f4xx_hal_tim_ex.o
    0x08002bae   0x00000002   Code   RO         4343    i.HAL_TIMEx_CommutationCallback  stm32f4xx_hal_tim_ex.o
    0x08002bb0   0x00000050   Code   RO         4359    i.HAL_TIMEx_MasterConfigSynchronization  stm32f4xx_hal_tim_ex.o
    0x08002c00   0x00000036   Code   RO         3713    i.HAL_TIM_Base_Init  stm32f4xx_hal_tim.o
    0x08002c36   0x00000002   Code   RO         3715    i.HAL_TIM_Base_MspInit  stm32f4xx_hal_tim.o
    0x08002c38   0x00000018   Code   RO         3718    i.HAL_TIM_Base_Start_IT  stm32f4xx_hal_tim.o
    0x08002c50   0x00000002   Code   RO         3742    i.HAL_TIM_IC_CaptureCallback  stm32f4xx_hal_tim.o
    0x08002c52   0x00000166   Code   RO         3755    i.HAL_TIM_IRQHandler  stm32f4xx_hal_tim.o
    0x08002db8   0x00000034   Code   RO         1345    i.HAL_TIM_MspPostInit  tim.o
    0x08002dec   0x00000002   Code   RO         3758    i.HAL_TIM_OC_DelayElapsedCallback  stm32f4xx_hal_tim.o
    0x08002dee   0x000000d0   Code   RO         3779    i.HAL_TIM_PWM_ConfigChannel  stm32f4xx_hal_tim.o
    0x08002ebe   0x00000036   Code   RO         3782    i.HAL_TIM_PWM_Init  stm32f4xx_hal_tim.o
    0x08002ef4   0x00000028   Code   RO         1347    i.HAL_TIM_PWM_MspInit  tim.o
    0x08002f1c   0x00000002   Code   RO         3785    i.HAL_TIM_PWM_PulseFinishedCallback  stm32f4xx_hal_tim.o
    0x08002f1e   0x00000002   PAD
    0x08002f20   0x00000038   Code   RO         3786    i.HAL_TIM_PWM_Start  stm32f4xx_hal_tim.o
    0x08002f58   0x00000014   Code   RO          392    i.HAL_TIM_PeriodElapsedCallback  main.o
    0x08002f6c   0x00000002   Code   RO         3796    i.HAL_TIM_TriggerCallback  stm32f4xx_hal_tim.o
    0x08002f6e   0x00000002   Code   RO         4602    i.HAL_UART_ErrorCallback  stm32f4xx_hal_uart.o
    0x08002f70   0x00000110   Code   RO         4605    i.HAL_UART_IRQHandler  stm32f4xx_hal_uart.o
    0x08003080   0x00000062   Code   RO         4606    i.HAL_UART_Init     stm32f4xx_hal_uart.o
    0x080030e2   0x00000002   PAD
    0x080030e4   0x00000068   Code   RO         1394    i.HAL_UART_MspInit  usart.o
    0x0800314c   0x00000048   Code   RO         4611    i.HAL_UART_Receive_IT  stm32f4xx_hal_uart.o
    0x08003194   0x00000024   Code   RO         1395    i.HAL_UART_RxCpltCallback  usart.o
    0x080031b8   0x000000ba   Code   RO         4614    i.HAL_UART_Transmit  stm32f4xx_hal_uart.o
    0x08003272   0x00000002   Code   RO         4617    i.HAL_UART_TxCpltCallback  stm32f4xx_hal_uart.o
    0x08003274   0x00000002   Code   RO         1485    i.HardFault_Handler  stm32f4xx_it.o
    0x08003276   0x00000012   Code   RO          279    i.IIC_Touch_Delay   touch.o
    0x08003288   0x00000058   Code   RO          281    i.IIC_Touch_NoResponse  touch.o
    0x080032e0   0x0000008c   Code   RO          282    i.IIC_Touch_ReadByte  touch.o
    0x0800336c   0x00000048   Code   RO          283    i.IIC_Touch_Response  touch.o
    0x080033b4   0x00000024   Code   RO          284    i.IIC_Touch_SDA_In  touch.o
    0x080033d8   0x00000024   Code   RO          285    i.IIC_Touch_SDA_Out  touch.o
    0x080033fc   0x00000054   Code   RO          286    i.IIC_Touch_Start   touch.o
    0x08003450   0x00000058   Code   RO          287    i.IIC_Touch_Stop    touch.o
    0x080034a8   0x00000064   Code   RO          288    i.IIC_Touch_WaitResponse  touch.o
    0x0800350c   0x00000064   Code   RO          289    i.IIC_Touch_WriteByte  touch.o
    0x08003570   0x00000162   Code   RO         2276    i.LTDC_SetConfig    stm32f4xx_hal_ltdc.o
    0x080036d2   0x00000002   PAD
    0x080036d4   0x00000038   Code   RO          585    i.MX_CRC_Init       crc.o
    0x0800370c   0x0000005c   Code   RO          657    i.MX_DMA2D_Init     dma2d.o
    0x08003768   0x00000090   Code   RO          625    i.MX_DMA_Init       dma.o
    0x080037f8   0x00000028   Code   RO          920    i.MX_FATFS_Init     fatfs.o
    0x08003820   0x00000078   Code   RO         1031    i.MX_FMC_Init       fmc.o
    0x08003898   0x0000003c   Code   RO         1076    i.MX_FREERTOS_Init  freertos.o
    0x080038d4   0x000001d4   Code   RO          554    i.MX_GPIO_Init      gpio.o
    0x08003aa8   0x000000c4   Code   RO         1142    i.MX_LTDC_Init      ltdc.o
    0x08003b6c   0x00000048   Code   RO         1184    i.MX_RTC_Init       rtc.o
    0x08003bb4   0x00000020   Code   RO         1228    i.MX_SDIO_SD_Init   sdio.o
    0x08003bd4   0x0000005c   Code   RO         1305    i.MX_SPI1_Init      spi.o
    0x08003c30   0x00000084   Code   RO         1348    i.MX_TIM4_Init      tim.o
    0x08003cb4   0x0000004c   Code   RO         1396    i.MX_USART1_UART_Init  usart.o
    0x08003d00   0x00000002   Code   RO         1486    i.MemManage_Handler  stm32f4xx_it.o
    0x08003d02   0x00000002   Code   RO         1487    i.NMI_Handler       stm32f4xx_it.o
    0x08003d04   0x00000020   Code   RO         5734    i.NVIC_SetPriority  stm32f4xx_hal_cortex.o
    0x08003d24   0x0000003a   Code   RO         2549    i.RTC_EnterInitMode  stm32f4xx_hal_rtc.o
    0x08003d5e   0x00000024   Code   RO         2895    i.SDIO_ConfigData   stm32f4xx_ll_sdmmc.o
    0x08003d82   0x00000008   Code   RO         2899    i.SDIO_GetPowerState  stm32f4xx_ll_sdmmc.o
    0x08003d8a   0x0000000c   Code   RO         2900    i.SDIO_GetResponse  stm32f4xx_ll_sdmmc.o
    0x08003d96   0x00000002   PAD
    0x08003d98   0x0000000c   Code   RO         1488    i.SDIO_IRQHandler   stm32f4xx_it.o
    0x08003da4   0x00000024   Code   RO         2901    i.SDIO_Init         stm32f4xx_ll_sdmmc.o
    0x08003dc8   0x00000008   Code   RO         2903    i.SDIO_PowerState_ON  stm32f4xx_ll_sdmmc.o
    0x08003dd0   0x00000006   Code   RO         2904    i.SDIO_ReadFIFO     stm32f4xx_ll_sdmmc.o
    0x08003dd6   0x00000020   Code   RO         2905    i.SDIO_SendCommand  stm32f4xx_ll_sdmmc.o
    0x08003df6   0x0000000a   Code   RO         2907    i.SDIO_WriteFIFO    stm32f4xx_ll_sdmmc.o
    0x08003e00   0x00000032   Code   RO         2908    i.SDMMC_CmdAppCommand  stm32f4xx_ll_sdmmc.o
    0x08003e32   0x00000002   PAD
    0x08003e34   0x00000034   Code   RO         2909    i.SDMMC_CmdAppOperCommand  stm32f4xx_ll_sdmmc.o
    0x08003e68   0x00000032   Code   RO         2910    i.SDMMC_CmdBlockLength  stm32f4xx_ll_sdmmc.o
    0x08003e9a   0x00000032   Code   RO         2911    i.SDMMC_CmdBusWidth  stm32f4xx_ll_sdmmc.o
    0x08003ecc   0x00000050   Code   RO         2915    i.SDMMC_CmdGoIdleState  stm32f4xx_ll_sdmmc.o
    0x08003f1c   0x00000068   Code   RO         2917    i.SDMMC_CmdOperCond  stm32f4xx_ll_sdmmc.o
    0x08003f84   0x00000032   Code   RO         2918    i.SDMMC_CmdReadMultiBlock  stm32f4xx_ll_sdmmc.o
    0x08003fb6   0x00000032   Code   RO         2919    i.SDMMC_CmdReadSingleBlock  stm32f4xx_ll_sdmmc.o
    0x08003fe8   0x00000032   Code   RO         2922    i.SDMMC_CmdSelDesel  stm32f4xx_ll_sdmmc.o
    0x0800401a   0x0000002c   Code   RO         2923    i.SDMMC_CmdSendCID  stm32f4xx_ll_sdmmc.o
    0x08004046   0x0000002c   Code   RO         2924    i.SDMMC_CmdSendCSD  stm32f4xx_ll_sdmmc.o
    0x08004072   0x00000030   Code   RO         2925    i.SDMMC_CmdSendSCR  stm32f4xx_ll_sdmmc.o
    0x080040a2   0x00000032   Code   RO         2926    i.SDMMC_CmdSendStatus  stm32f4xx_ll_sdmmc.o
    0x080040d4   0x00000030   Code   RO         2927    i.SDMMC_CmdSetRelAdd  stm32f4xx_ll_sdmmc.o
    0x08004104   0x00000034   Code   RO         2929    i.SDMMC_CmdStopTransfer  stm32f4xx_ll_sdmmc.o
    0x08004138   0x00000032   Code   RO         2931    i.SDMMC_CmdWriteMultiBlock  stm32f4xx_ll_sdmmc.o
    0x0800416a   0x00000032   Code   RO         2932    i.SDMMC_CmdWriteSingleBlock  stm32f4xx_ll_sdmmc.o
    0x0800419c   0x0000011c   Code   RO         2933    i.SDMMC_GetCmdResp1  stm32f4xx_ll_sdmmc.o
    0x080042b8   0x00000050   Code   RO         2934    i.SDMMC_GetCmdResp2  stm32f4xx_ll_sdmmc.o
    0x08004308   0x00000040   Code   RO         2935    i.SDMMC_GetCmdResp3  stm32f4xx_ll_sdmmc.o
    0x08004348   0x00000084   Code   RO         2936    i.SDMMC_GetCmdResp6  stm32f4xx_ll_sdmmc.o
    0x080043cc   0x00000098   Code   RO          213    i.SDRAM_Initialization_sequence  extmem.o
    0x08004464   0x00000020   Code   RO          843    i.SD_CheckStatus    sd_diskio.o
    0x08004484   0x00000056   Code   RO         3186    i.SD_DMAError       stm32f4xx_hal_sd.o
    0x080044da   0x0000003e   Code   RO         3187    i.SD_DMAReceiveCplt  stm32f4xx_hal_sd.o
    0x08004518   0x00000048   Code   RO         3188    i.SD_DMARxAbort     stm32f4xx_hal_sd.o
    0x08004560   0x0000000e   Code   RO         3189    i.SD_DMATransmitCplt  stm32f4xx_hal_sd.o
    0x0800456e   0x00000048   Code   RO         3190    i.SD_DMATxAbort     stm32f4xx_hal_sd.o
    0x080045b6   0x000000d4   Code   RO         3191    i.SD_FindSCR        stm32f4xx_hal_sd.o
    0x0800468a   0x000000e6   Code   RO         3192    i.SD_InitCard       stm32f4xx_hal_sd.o
    0x08004770   0x000000a2   Code   RO         3193    i.SD_PowerON        stm32f4xx_hal_sd.o
    0x08004812   0x0000004e   Code   RO         3195    i.SD_WideBus_Disable  stm32f4xx_hal_sd.o
    0x08004860   0x0000004e   Code   RO         3196    i.SD_WideBus_Enable  stm32f4xx_hal_sd.o
    0x080048ae   0x00000002   PAD
    0x080048b0   0x00000044   Code   RO          844    i.SD_initialize     sd_diskio.o
    0x080048f4   0x00000050   Code   RO          845    i.SD_ioctl          sd_diskio.o
    0x08004944   0x00000054   Code   RO          846    i.SD_read           sd_diskio.o
    0x08004998   0x00000004   Code   RO          847    i.SD_status         sd_diskio.o
    0x0800499c   0x00000054   Code   RO          848    i.SD_write          sd_diskio.o
    0x080049f0   0x00000020   Code   RO         3429    i.SPI_CheckFlag_BSY  stm32f4xx_hal_spi.o
    0x08004a10   0x00000096   Code   RO         3447    i.SPI_WaitFlagStateUntilTimeout  stm32f4xx_hal_spi.o
    0x08004aa6   0x00000002   PAD
    0x08004aa8   0x0000003c   Code   RO         1077    i.StartDebugTask    freertos.o
    0x08004ae4   0x00000044   Code   RO         1078    i.StartDefaultTask  freertos.o
    0x08004b28   0x00000004   Code   RO         1489    i.SysTick_Handler   stm32f4xx_it.o
    0x08004b2c   0x000000cc   Code   RO          393    i.SystemClock_Config  main.o
    0x08004bf8   0x00000054   Code   RO         6035    i.SystemInit        system_stm32f4xx.o
    0x08004c4c   0x0000000c   Code   RO         1490    i.TIM8_TRG_COM_TIM14_IRQHandler  stm32f4xx_it.o
    0x08004c58   0x000000c0   Code   RO         3797    i.TIM_Base_SetConfig  stm32f4xx_hal_tim.o
    0x08004d18   0x00000016   Code   RO         3798    i.TIM_CCxChannelCmd  stm32f4xx_hal_tim.o
    0x08004d2e   0x00000002   PAD
    0x08004d30   0x00000058   Code   RO         3806    i.TIM_OC1_SetConfig  stm32f4xx_hal_tim.o
    0x08004d88   0x00000064   Code   RO         3807    i.TIM_OC2_SetConfig  stm32f4xx_hal_tim.o
    0x08004dec   0x00000060   Code   RO         3808    i.TIM_OC3_SetConfig  stm32f4xx_hal_tim.o
    0x08004e4c   0x00000050   Code   RO         3809    i.TIM_OC4_SetConfig  stm32f4xx_hal_tim.o
    0x08004e9c   0x0000001e   Code   RO          290    i.TOUCH_Init        touch.o
    0x08004eba   0x00000002   PAD
    0x08004ebc   0x0000001c   Code   RO         1397    i.UART1_Print       usart.o
    0x08004ed8   0x0000001c   Code   RO         1399    i.UART1_PrintDataLn  usart.o
    0x08004ef4   0x00000038   Code   RO         1400    i.UART1_PrintLn     usart.o
    0x08004f2c   0x00000028   Code   RO         1401    i.UART1_PrintNum    usart.o
    0x08004f54   0x00000010   Code   RO         4619    i.UART_DMAAbortOnError  stm32f4xx_hal_uart.o
    0x08004f64   0x0000001c   Code   RO         4629    i.UART_EndRxTransfer  stm32f4xx_hal_uart.o
    0x08004f80   0x0000008c   Code   RO         4631    i.UART_Receive_IT   stm32f4xx_hal_uart.o
    0x0800500c   0x00000030   Code   RO         1402    i.UART_RxIdleCallback  usart.o
    0x0800503c   0x000002ac   Code   RO         4632    i.UART_SetConfig    stm32f4xx_hal_uart.o
    0x080052e8   0x00000062   Code   RO         4633    i.UART_Transmit_IT  stm32f4xx_hal_uart.o
    0x0800534a   0x00000064   Code   RO         4634    i.UART_WaitOnFlagUntilTimeout  stm32f4xx_hal_uart.o
    0x080053ae   0x00000002   PAD
    0x080053b0   0x00000028   Code   RO         1491    i.USART1_IRQHandler  stm32f4xx_it.o
    0x080053d8   0x00000020   Code   RO          960    i.USER_initialize   user_diskio.o
    0x080053f8   0x00000028   Code   RO          961    i.USER_ioctl        user_diskio.o
    0x08005420   0x00000034   Code   RO          962    i.USER_read         user_diskio.o
    0x08005454   0x00000020   Code   RO          963    i.USER_status       user_diskio.o
    0x08005474   0x00000034   Code   RO          964    i.USER_write        user_diskio.o
    0x080054a8   0x00000002   Code   RO         1492    i.UsageFault_Handler  stm32f4xx_it.o
    0x080054aa   0x00000002   Code   RO          394    i._Error_Handler    main.o
    0x080054ac   0x00000028   Code   RO         7713    i.__0sprintf$1      mc_w.l(printf1.o)
    0x080054d4   0x0000000e   Code   RO         7971    i.__scatterload_copy  mc_w.l(handlers.o)
    0x080054e2   0x00000002   Code   RO         7972    i.__scatterload_null  mc_w.l(handlers.o)
    0x080054e4   0x0000000e   Code   RO         7973    i.__scatterload_zeroinit  mc_w.l(handlers.o)
    0x080054f2   0x00000002   PAD
    0x080054f4   0x00000154   Code   RO         7718    i._printf_core      mc_w.l(printf1.o)
    0x08005648   0x0000000a   Code   RO         7720    i._sputc            mc_w.l(printf1.o)
    0x08005652   0x0000000c   Code   RO         7289    i.inHandlerMode     cmsis_os.o
    0x0800565e   0x00000002   PAD
    0x08005660   0x000000ec   Code   RO          396    i.main              main.o
    0x0800574c   0x0000000c   Code   RO         7291    i.makeFreeRtosPriority  cmsis_os.o
    0x08005758   0x0000000e   Code   RO         7293    i.osDelay           cmsis_os.o
    0x08005766   0x00000012   Code   RO         7295    i.osKernelRunning   cmsis_os.o
    0x08005778   0x0000000a   Code   RO         7296    i.osKernelStart     cmsis_os.o
    0x08005782   0x00000018   Code   RO         7297    i.osKernelSysTick   cmsis_os.o
    0x0800579a   0x00000008   Code   RO         7305    i.osMessageCreate   cmsis_os.o
    0x080057a2   0x00000002   PAD
    0x080057a4   0x00000098   Code   RO         7307    i.osMessageGet      cmsis_os.o
    0x0800583c   0x0000005c   Code   RO         7309    i.osMessagePut      cmsis_os.o
    0x08005898   0x00000014   Code   RO         7329    i.osSystickHandler  cmsis_os.o
    0x080058ac   0x0000002e   Code   RO         7330    i.osThreadCreate    cmsis_os.o
    0x080058da   0x00000002   PAD
    0x080058dc   0x00000070   Code   RO         7002    i.prvAddCurrentTaskToDelayedList  tasks.o
    0x0800594c   0x000000d0   Code   RO         7003    i.prvAddNewTaskToReadyList  tasks.o
    0x08005a1c   0x00000050   Code   RO         7004    i.prvCheckTasksWaitingTermination  tasks.o
    0x08005a6c   0x00000026   Code   RO         6862    i.prvCopyDataFromQueue  queue.o
    0x08005a92   0x0000006c   Code   RO         6863    i.prvCopyDataToQueue  queue.o
    0x08005afe   0x00000014   Code   RO         7005    i.prvDeleteTCB      tasks.o
    0x08005b12   0x00000002   PAD
    0x08005b14   0x0000004c   Code   RO         6589    i.prvHeapInit       heap_4.o
    0x08005b60   0x00000028   Code   RO         7006    i.prvIdleTask       tasks.o
    0x08005b88   0x0000008e   Code   RO         7007    i.prvInitialiseNewTask  tasks.o
    0x08005c16   0x00000002   PAD
    0x08005c18   0x0000004c   Code   RO         6590    i.prvInsertBlockIntoFreeList  heap_4.o
    0x08005c64   0x0000001c   Code   RO         6864    i.prvIsQueueEmpty   queue.o
    0x08005c80   0x00000020   Code   RO         7008    i.prvResetNextTaskUnblockTime  tasks.o
    0x08005ca0   0x00000028   Code   RO         6660    i.prvTaskExitError  port.o
    0x08005cc8   0x0000006a   Code   RO         6865    i.prvUnlockQueue    queue.o
    0x08005d32   0x00000002   PAD
    0x08005d34   0x000000d8   Code   RO         6591    i.pvPortMalloc      heap_4.o
    0x08005e0c   0x00000018   Code   RO         7010    i.pvTaskIncrementMutexHeldCount  tasks.o
    0x08005e24   0x0000002c   Code   RO         6661    i.pxPortInitialiseStack  port.o
    0x08005e50   0x00000024   Code   RO         6825    i.uxListRemove      list.o
    0x08005e74   0x00000016   Code   RO         6826    i.vListInitialise   list.o
    0x08005e8a   0x00000006   Code   RO         6827    i.vListInitialiseItem  list.o
    0x08005e90   0x00000030   Code   RO         6828    i.vListInsert       list.o
    0x08005ec0   0x00000018   Code   RO         6829    i.vListInsertEnd    list.o
    0x08005ed8   0x00000040   Code   RO         6663    i.vPortEnterCritical  port.o
    0x08005f18   0x00000028   Code   RO         6664    i.vPortExitCritical  port.o
    0x08005f40   0x0000005c   Code   RO         6592    i.vPortFree         heap_4.o
    0x08005f9c   0x00000020   Code   RO         6665    i.vPortSetupTimerInterrupt  port.o
    0x08005fbc   0x00000054   Code   RO         6666    i.vPortValidateInterruptPriority  port.o
    0x08006010   0x0000004c   Code   RO         7016    i.vTaskDelay        tasks.o
    0x0800605c   0x0000000c   Code   RO         7019    i.vTaskMissedYield  tasks.o
    0x08006068   0x00000030   Code   RO         7021    i.vTaskPlaceOnEventList  tasks.o
    0x08006098   0x00000084   Code   RO         7023    i.vTaskPriorityInherit  tasks.o
    0x0800611c   0x00000024   Code   RO         7026    i.vTaskSetTimeOutState  tasks.o
    0x08006140   0x00000068   Code   RO         7027    i.vTaskStartScheduler  tasks.o
    0x080061a8   0x00000010   Code   RO         7029    i.vTaskSuspendAll   tasks.o
    0x080061b8   0x0000005c   Code   RO         7030    i.vTaskSwitchContext  tasks.o
    0x08006214   0x000000e0   Code   RO         6667    i.xPortStartScheduler  port.o
    0x080062f4   0x0000002c   Code   RO         6668    i.xPortSysTickHandler  port.o
    0x08006320   0x00000048   Code   RO         6873    i.xQueueGenericCreate  queue.o
    0x08006368   0x0000016c   Code   RO         6874    i.xQueueGenericReceive  queue.o
    0x080064d4   0x00000088   Code   RO         6875    i.xQueueGenericReset  queue.o
    0x0800655c   0x00000160   Code   RO         6876    i.xQueueGenericSend  queue.o
    0x080066bc   0x000000bc   Code   RO         6877    i.xQueueGenericSendFromISR  queue.o
    0x08006778   0x0000009a   Code   RO         6882    i.xQueueReceiveFromISR  queue.o
    0x08006812   0x00000002   PAD
    0x08006814   0x0000006c   Code   RO         7031    i.xTaskCheckForTimeOut  tasks.o
    0x08006880   0x00000056   Code   RO         7032    i.xTaskCreate       tasks.o
    0x080068d6   0x00000002   PAD
    0x080068d8   0x0000001c   Code   RO         7036    i.xTaskGetSchedulerState  tasks.o
    0x080068f4   0x0000000c   Code   RO         7037    i.xTaskGetTickCount  tasks.o
    0x08006900   0x00000010   Code   RO         7038    i.xTaskGetTickCountFromISR  tasks.o
    0x08006910   0x000000c8   Code   RO         7039    i.xTaskIncrementTick  tasks.o
    0x080069d8   0x00000098   Code   RO         7042    i.xTaskPriorityDisinherit  tasks.o
    0x08006a70   0x00000074   Code   RO         7043    i.xTaskRemoveFromEventList  tasks.o
    0x08006ae4   0x000000c4   Code   RO         7045    i.xTaskResumeAll    tasks.o
    0x08006ba8   0x00000014   Data   RO          849    .constdata          sd_diskio.o
    0x08006bbc   0x00000008   Data   RO          850    .constdata          sd_diskio.o
    0x08006bc4   0x00000028   Data   RO         1081    .constdata          freertos.o
    0x08006bec   0x00000008   Data   RO         5433    .constdata          stm32f4xx_hal_dma.o
    0x08006bf4   0x00000010   Data   RO         6036    .constdata          system_stm32f4xx.o
    0x08006c04   0x00000008   Data   RO         6037    .constdata          system_stm32f4xx.o
    0x08006c0c   0x00000018   Data   RO         1082    .conststring        freertos.o
    0x08006c24   0x00000020   Data   RO         7969    Region$$Table       anon$$obj.o


    Execution Region RW_IRAM1 (Base: 0x20000000, Size: 0x000092f0, Max: 0x00030000, ABSOLUTE)

    Base Addr    Size         Type   Attr      Idx    E Section Name        Object

    0x20000000   0x00000001   Data   RW          219    .data               extmem.o
    0x20000001   0x00000003   PAD
    0x20000004   0x00000008   Data   RW          586    .data               crc.o
    0x2000000c   0x00000008   Data   RW          851    .data               sd_diskio.o
    0x20000014   0x0000000a   Data   RW          926    .data               fatfs.o
    0x2000001e   0x00000001   Data   RW          965    .data               user_diskio.o
    0x2000001f   0x00000001   PAD
    0x20000020   0x00000014   Data   RW          966    .data               user_diskio.o
    0x20000034   0x00000008   Data   RW         1033    .data               fmc.o
    0x2000003c   0x00000008   Data   RW         1083    .data               freertos.o
    0x20000044   0x00000002   Data   RW         1404    .data               usart.o
    0x20000046   0x00000002   PAD
    0x20000048   0x0000000c   Data   RW         5878    .data               stm32f4xx_hal.o
    0x20000054   0x00000004   Data   RW         6038    .data               system_stm32f4xx.o
    0x20000058   0x00000018   Data   RW         6597    .data               heap_4.o
    0x20000070   0x0000000c   Data   RW         6669    .data               port.o
    0x2000007c   0x0000003c   Data   RW         7048    .data               tasks.o
    0x200000b8   0x00000d14   Zero   RW          218    .bss                extmem.o
    0x20000dcc   0x00000060   Zero   RW          626    .bss                dma.o
    0x20000e2c   0x00000040   Zero   RW          658    .bss                dma2d.o
    0x20000e6c   0x00000034   Zero   RW         1032    .bss                fmc.o
    0x20000ea0   0x000000a8   Zero   RW         1143    .bss                ltdc.o
    0x20000f48   0x00000020   Zero   RW         1185    .bss                rtc.o
    0x20000f68   0x00004144   Zero   RW         1234    .bss                sdio.o
    0x200050ac   0x00000058   Zero   RW         1306    .bss                spi.o
    0x20005104   0x0000003c   Zero   RW         1349    .bss                tim.o
    0x20005140   0x00000072   Zero   RW         1403    .bss                usart.o
    0x200051b2   0x00000002   PAD
    0x200051b4   0x0000003c   Zero   RW         1607    .bss                stm32f4xx_hal_timebase_tim.o
    0x200051f0   0x00000010   Zero   RW         6546    .bss                ff_gen_drv.o
    0x20005200   0x00003c00   Zero   RW         6596    .bss                heap_4.o
    0x20008e00   0x000000f0   Zero   RW         7047    .bss                tasks.o
    0x20008ef0   0x00000400   Zero   RW            1    STACK               startup_stm32f429xx.o


==============================================================================

Image component sizes


      Code (inc. data)   RO Data    RW Data    ZI Data      Debug   Object Name

       532         58          0          0          0     813190   bsp_driver_flash.o
       170         20          0          0          0       5488   bsp_driver_sd.o
       408         12          0          0          0      19244   cmsis_os.o
        96         34          0          8          0       1495   crc.o
       144         30          0          0         96       1039   dma.o
       132         36          0          0         64       1549   dma2d.o
         0          0          0          0          0       8060   event_groups.o
       152         14          0          1       3348       2628   extmem.o
        40         12          0         10          0       1186   fatfs.o
        70          4          0          0         16       1639   ff_gen_drv.o
       364         62          0          8         52       2236   fmc.o
       188         60         64          8          0       2437   freertos.o
       488         38          0          0          0       1804   gpio.o
       460         24          0         24      15360       8863   heap_4.o
       136          0          0          0          0       3574   list.o
       328         52          0          0        168       1790   ltdc.o
       462         66          0          0          0      28398   main.o
       758         84          0         12          0      11925   port.o
      1546         14          0          0          0      13848   queue.o
        96         32          0          0         32       1447   rtc.o
       392         42         28          8          0      11373   sd_diskio.o
       328         48          0          0      16708       2381   sdio.o
       168         40          0          0         88       1649   spi.o
        36          8        428          0       1024        840   startup_stm32f429xx.o
       116         18          0         12          0       3902   stm32f4xx_hal.o
       218         14          0          0          0      31061   stm32f4xx_hal_cortex.o
        38          0          0          0          0       1055   stm32f4xx_hal_crc.o
       948         16          8          0          0       6490   stm32f4xx_hal_dma.o
       258          6          0          0          0       2721   stm32f4xx_hal_dma2d.o
       512         58          0          0          0       4359   stm32f4xx_hal_gpio.o
       680          6          0          0          0       2935   stm32f4xx_hal_ltdc.o
       132          6          0          0          0        914   stm32f4xx_hal_msp.o
       112         14          0          0          0       1292   stm32f4xx_hal_pwr_ex.o
      1340         96          0          0          0       6313   stm32f4xx_hal_rcc.o
       564         36          0          0          0       1600   stm32f4xx_hal_rcc_ex.o
       284          6          0          0          0       2876   stm32f4xx_hal_rtc.o
      2816         40          0          0          0      17267   stm32f4xx_hal_sd.o
       148          0          0          0          0       2732   stm32f4xx_hal_sdram.o
      1478          0          0          0          0       6946   stm32f4xx_hal_spi.o
      1342         88          0          0          0      12973   stm32f4xx_hal_tim.o
        84          0          0          0          0       2426   stm32f4xx_hal_tim_ex.o
       116         16          0          0         60       1461   stm32f4xx_hal_timebase_tim.o
      1698         14          0          0          0       9819   stm32f4xx_hal_uart.o
       112         28          0          0          0       6761   stm32f4xx_it.o
       292          4          0          0          0       3516   stm32f4xx_ll_fmc.o
      1630         42          0          0          0      22803   stm32f4xx_ll_sdmmc.o
        84         18         24          4          0       1171   system_stm32f4xx.o
      2088        182          0         60        240      23660   tasks.o
       224         46          0          0         60       2231   tim.o
       914         76          0          0          0       8028   touch.o
       416         84          0          2        114       5246   usart.o
       208         12          0         21          0       3936   user_diskio.o

    ----------------------------------------------------------------------
     26398       1716        584        184      37432    1144577   Object Totals
         0          0         32          0          0          0   (incl. Generated)
        52          0          0          6          2          0   (incl. Padding)

    ----------------------------------------------------------------------

      Code (inc. data)   RO Data    RW Data    ZI Data      Debug   Library Member Name

         0          0          0          0          0          0   entry.o
         0          0          0          0          0          0   entry10a.o
         0          0          0          0          0          0   entry11a.o
         8          4          0          0          0          0   entry2.o
         4          0          0          0          0          0   entry5.o
         0          0          0          0          0          0   entry7b.o
         0          0          0          0          0          0   entry8b.o
         8          4          0          0          0          0   entry9a.o
        30          0          0          0          0          0   handlers.o
        36          8          0          0          0         68   init.o
        30          0          0          0          0         68   llshl.o
        32          0          0          0          0         68   llushr.o
        36          0          0          0          0         68   memcpya.o
       390         10          0          0          0        252   printf1.o
        14          0          0          0          0         68   strlen.o
        44          0          0          0          0         80   uidiv.o
        98          0          0          0          0         92   uldiv.o

    ----------------------------------------------------------------------
       734         26          0          0          0        764   Library Totals
         4          0          0          0          0          0   (incl. Padding)

    ----------------------------------------------------------------------

      Code (inc. data)   RO Data    RW Data    ZI Data      Debug   Library Name

       730         26          0          0          0        764   mc_w.l

    ----------------------------------------------------------------------
       734         26          0          0          0        764   Library Totals

    ----------------------------------------------------------------------

==============================================================================


      Code (inc. data)   RO Data    RW Data    ZI Data      Debug   

     27132       1742        584        184      37432    1116633   Grand Totals
     27132       1742        584        184      37432    1116633   ELF Image Totals
     27132       1742        584        184          0          0   ROM Totals

==============================================================================

    Total RO  Size (Code + RO Data)                27716 (  27.07kB)
    Total RW  Size (RW Data + ZI Data)             37616 (  36.73kB)
    Total ROM Size (Code + RO Data + RW Data)      27900 (  27.25kB)

==============================================================================

